Godot Engine v4.6.stable.official.89cea1439 - https://godotengine.org


======================================================================
  NECROMANCER GODOT - TEST RUNNER
======================================================================

Mode: Survival bot only

DataManager: Loading game data...
=== DataManager Validation ===
Loaded 88 monsters, 214 items, 104 artifacts, 93 abilities
Loaded 5 races, 12 houses, 20 traits, 96 vaults
WARNING: DataManager: Missing key monster: Morgoth, Lord of Darkness
     at: push_warning (core/variant/variant_utility.cpp:1034)
     GDScript backtrace (most recent call first):
         [0] _validate_data (res://scripts/core/data_manager.gd:994)
         [1] load_all_data (res://scripts/core/data_manager.gd:33)
         [2] _ready (res://scripts/core/data_manager.gd:20)
WARNING: DataManager: Missing key monster: Orc
     at: push_warning (core/variant/variant_utility.cpp:1034)
     GDScript backtrace (most recent call first):
         [0] _validate_data (res://scripts/core/data_manager.gd:994)
         [1] load_all_data (res://scripts/core/data_manager.gd:33)
         [2] _ready (res://scripts/core/data_manager.gd:20)
WARNING: DataManager: Missing key monster: Troll
     at: push_warning (core/variant/variant_utility.cpp:1034)
     GDScript backtrace (most recent call first):
         [0] _validate_data (res://scripts/core/data_manager.gd:994)
         [1] load_all_data (res://scripts/core/data_manager.gd:33)
         [2] _ready (res://scripts/core/data_manager.gd:20)
WARNING: DataManager: Missing key monster: Spider
     at: push_warning (core/variant/variant_utility.cpp:1034)
     GDScript backtrace (most recent call first):
         [0] _validate_data (res://scripts/core/data_manager.gd:994)
         [1] load_all_data (res://scripts/core/data_manager.gd:33)
         [2] _ready (res://scripts/core/data_manager.gd:20)
Validation completed with 4 warnings
==============================
=== TileMapper Initialized (DALL-E Terrain + DCSS Entities) ===
Grid: 32x32, Tile size: 64x64
Total tiles loaded: 459
Layer tile kits: 7 layers
──────────────────────────────────────────────────────────────────────
  SURVIVAL BOT
──────────────────────────────────────────────────────────────────────

[SURVIVAL BOT] Archetype: STEALTH | Run: 15 | Seed: 3851110741

============================================================
[SURVIVAL BOT] Starting intelligent 20-floor auto-play...
[SURVIVAL BOT] Archetype: STEALTH | Run: 15 | Seed: 3851110741
============================================================

[SURVIVAL BOT] Running full 20-floor playthrough... (will exit when complete)

[SURVIVAL BOT] Found Main node: Main
[SURVIVAL BOT] Bypassing character creation with: SurvivalBot-Stealth (Hobbit Of the Tooks)
Generating outer_pits (depth 1): rooms=6, size=4-10, corridors=1
set_tile: pos=(0, 0) tile=WALL atlas=(22, 0)
set_tile: pos=(1, 0) tile=WALL atlas=(22, 0)
set_tile: pos=(2, 0) tile=WALL atlas=(22, 0)
set_tile: pos=(3, 0) tile=WALL atlas=(22, 0)
set_tile: pos=(4, 0) tile=WALL atlas=(22, 0)
set_tile: pos=(5, 0) tile=WALL atlas=(22, 0)
set_tile: pos=(6, 0) tile=WALL atlas=(22, 0)
set_tile: pos=(7, 0) tile=WALL atlas=(22, 0)
set_tile: pos=(8, 0) tile=WALL atlas=(22, 0)
set_tile: pos=(9, 0) tile=WALL atlas=(22, 0)
Connectivity check failed: 9 reachable of 402 passable
Generation attempt 1 failed connectivity check, retrying...
Placed 3 door guards at depth 1
Scattered 19 terrain tiles at depth 1
Applied outer_pits decorations at depth 1
Placed 3 storytelling messages at depth 1
Post-decoration: carved 28-tile rescue corridor at depth 1
Spawned 5 monsters at depth 1
Spawned 3 items at depth 1
ERROR: Error calling from signal 'item_picked_up' to callable: 'Node(audio_manager.gd)::_on_item_picked_up': Cannot convert argument 2 from Object to Object.
   at: emit_signalp (core/object/object.cpp:1406)
   GDScript backtrace (most recent call first):
       [0] pick_up_item (res://scripts/entities/player.gd:1127)
       [1] _grant_starting_equipment (res://scripts/main.gd:367)
       [2] _spawn_player (res://scripts/main.gd:305)
       [3] _start_new_game (res://scripts/main.gd:209)
       [4] _on_character_created (res://scripts/main.gd:194)
       [5] _bypass_character_creation (res://tests/bot/survival_bot.gd:196)
       [6] _ready (res://tests/bot/survival_bot.gd:118)
ERROR: Error calling from signal 'item_picked_up' to callable: 'Node(audio_manager.gd)::_on_item_picked_up': Cannot convert argument 2 from Object to Object.
   at: emit_signalp (core/object/object.cpp:1406)
   GDScript backtrace (most recent call first):
       [0] pick_up_item (res://scripts/entities/player.gd:1127)
       [1] _grant_starting_equipment (res://scripts/main.gd:367)
       [2] _spawn_player (res://scripts/main.gd:305)
       [3] _start_new_game (res://scripts/main.gd:209)
       [4] _on_character_created (res://scripts/main.gd:194)
       [5] _bypass_character_creation (res://tests/bot/survival_bot.gd:196)
       [6] _ready (res://tests/bot/survival_bot.gd:118)
ERROR: Error calling from signal 'item_picked_up' to callable: 'Node(audio_manager.gd)::_on_item_picked_up': Cannot convert argument 2 from Object to Object.
   at: emit_signalp (core/object/object.cpp:1406)
   GDScript backtrace (most recent call first):
       [0] pick_up_item (res://scripts/entities/player.gd:1116)
       [1] _grant_starting_equipment (res://scripts/main.gd:367)
       [2] _spawn_player (res://scripts/main.gd:305)
       [3] _start_new_game (res://scripts/main.gd:209)
       [4] _on_character_created (res://scripts/main.gd:194)
       [5] _bypass_character_creation (res://tests/bot/survival_bot.gd:196)
       [6] _ready (res://tests/bot/survival_bot.gd:118)
ERROR: Error calling from signal 'item_picked_up' to callable: 'Node(audio_manager.gd)::_on_item_picked_up': Cannot convert argument 2 from Object to Object.
   at: emit_signalp (core/object/object.cpp:1406)
   GDScript backtrace (most recent call first):
       [0] pick_up_item (res://scripts/entities/player.gd:1116)
       [1] _grant_starting_equipment (res://scripts/main.gd:367)
       [2] _spawn_player (res://scripts/main.gd:305)
       [3] _start_new_game (res://scripts/main.gd:209)
       [4] _on_character_created (res://scripts/main.gd:194)
       [5] _bypass_character_creation (res://tests/bot/survival_bot.gd:196)
       [6] _ready (res://tests/bot/survival_bot.gd:118)
ERROR: Error calling from signal 'item_picked_up' to callable: 'Node(audio_manager.gd)::_on_item_picked_up': Cannot convert argument 2 from Object to Object.
   at: emit_signalp (core/object/object.cpp:1406)
   GDScript backtrace (most recent call first):
       [0] pick_up_item (res://scripts/entities/player.gd:1116)
       [1] _grant_starting_equipment (res://scripts/main.gd:367)
       [2] _spawn_player (res://scripts/main.gd:305)
       [3] _start_new_game (res://scripts/main.gd:209)
       [4] _on_character_created (res://scripts/main.gd:194)
       [5] _bypass_character_creation (res://tests/bot/survival_bot.gd:196)
       [6] _ready (res://tests/bot/survival_bot.gd:118)
ERROR: Error calling from signal 'item_picked_up' to callable: 'Node(audio_manager.gd)::_on_item_picked_up': Cannot convert argument 2 from Object to Object.
   at: emit_signalp (core/object/object.cpp:1406)
   GDScript backtrace (most recent call first):
       [0] pick_up_item (res://scripts/entities/player.gd:1116)
       [1] _grant_starting_equipment (res://scripts/main.gd:367)
       [2] _spawn_player (res://scripts/main.gd:305)
       [3] _start_new_game (res://scripts/main.gd:209)
       [4] _on_character_created (res://scripts/main.gd:194)
       [5] _bypass_character_creation (res://tests/bot/survival_bot.gd:196)
       [6] _ready (res://tests/bot/survival_bot.gd:118)
ERROR: Error calling from signal 'item_picked_up' to callable: 'Node(audio_manager.gd)::_on_item_picked_up': Cannot convert argument 2 from Object to Object.
   at: emit_signalp (core/object/object.cpp:1406)
   GDScript backtrace (most recent call first):
       [0] pick_up_item (res://scripts/entities/player.gd:1116)
       [1] _grant_starting_equipment (res://scripts/main.gd:367)
       [2] _spawn_player (res://scripts/main.gd:305)
       [3] _start_new_game (res://scripts/main.gd:209)
       [4] _on_character_created (res://scripts/main.gd:194)
       [5] _bypass_character_creation (res://tests/bot/survival_bot.gd:196)
       [6] _ready (res://tests/bot/survival_bot.gd:118)
ERROR: Error calling from signal 'item_picked_up' to callable: 'Node(audio_manager.gd)::_on_item_picked_up': Cannot convert argument 2 from Object to Object.
   at: emit_signalp (core/object/object.cpp:1406)
   GDScript backtrace (most recent call first):
       [0] pick_up_item (res://scripts/entities/player.gd:1116)
       [1] _grant_starting_equipment (res://scripts/main.gd:367)
       [2] _spawn_player (res://scripts/main.gd:305)
       [3] _start_new_game (res://scripts/main.gd:209)
       [4] _on_character_created (res://scripts/main.gd:194)
       [5] _bypass_character_creation (res://tests/bot/survival_bot.gd:196)
       [6] _ready (res://tests/bot/survival_bot.gd:118)
ERROR: Error calling from signal 'item_picked_up' to callable: 'Node(audio_manager.gd)::_on_item_picked_up': Cannot convert argument 2 from Object to Object.
   at: emit_signalp (core/object/object.cpp:1406)
   GDScript backtrace (most recent call first):
       [0] pick_up_item (res://scripts/entities/player.gd:1116)
       [1] _grant_starting_equipment (res://scripts/main.gd:367)
       [2] _spawn_player (res://scripts/main.gd:305)
       [3] _start_new_game (res://scripts/main.gd:209)
       [4] _on_character_created (res://scripts/main.gd:194)
       [5] _bypass_character_creation (res://tests/bot/survival_bot.gd:196)
       [6] _ready (res://tests/bot/survival_bot.gd:118)
ERROR: Error calling from signal 'item_picked_up' to callable: 'Node(audio_manager.gd)::_on_item_picked_up': Cannot convert argument 2 from Object to Object.
   at: emit_signalp (core/object/object.cpp:1406)
   GDScript backtrace (most recent call first):
       [0] pick_up_item (res://scripts/entities/player.gd:1116)
       [1] _grant_starting_equipment (res://scripts/main.gd:367)
       [2] _spawn_player (res://scripts/main.gd:305)
       [3] _start_new_game (res://scripts/main.gd:209)
       [4] _on_character_created (res://scripts/main.gd:194)
       [5] _bypass_character_creation (res://tests/bot/survival_bot.gd:196)
       [6] _ready (res://tests/bot/survival_bot.gd:118)
ERROR: Error calling from signal 'item_picked_up' to callable: 'Node(audio_manager.gd)::_on_item_picked_up': Cannot convert argument 2 from Object to Object.
   at: emit_signalp (core/object/object.cpp:1406)
   GDScript backtrace (most recent call first):
       [0] pick_up_item (res://scripts/entities/player.gd:1116)
       [1] _grant_starting_equipment (res://scripts/main.gd:367)
       [2] _spawn_player (res://scripts/main.gd:305)
       [3] _start_new_game (res://scripts/main.gd:209)
       [4] _on_character_created (res://scripts/main.gd:194)
       [5] _bypass_character_creation (res://tests/bot/survival_bot.gd:196)
       [6] _ready (res://tests/bot/survival_bot.gd:118)
ERROR: Error calling from signal 'item_picked_up' to callable: 'Node(audio_manager.gd)::_on_item_picked_up': Cannot convert argument 2 from Object to Object.
   at: emit_signalp (core/object/object.cpp:1406)
   GDScript backtrace (most recent call first):
       [0] pick_up_item (res://scripts/entities/player.gd:1116)
       [1] _grant_starting_equipment (res://scripts/main.gd:367)
       [2] _spawn_player (res://scripts/main.gd:305)
       [3] _start_new_game (res://scripts/main.gd:209)
       [4] _on_character_created (res://scripts/main.gd:194)
       [5] _bypass_character_creation (res://tests/bot/survival_bot.gd:196)
       [6] _ready (res://tests/bot/survival_bot.gd:118)
ERROR: Error calling from signal 'item_picked_up' to callable: 'Node(audio_manager.gd)::_on_item_picked_up': Cannot convert argument 2 from Object to Object.
   at: emit_signalp (core/object/object.cpp:1406)
   GDScript backtrace (most recent call first):
       [0] pick_up_item (res://scripts/entities/player.gd:1116)
       [1] _grant_starting_equipment (res://scripts/main.gd:367)
       [2] _spawn_player (res://scripts/main.gd:305)
       [3] _start_new_game (res://scripts/main.gd:209)
       [4] _on_character_created (res://scripts/main.gd:194)
       [5] _bypass_character_creation (res://tests/bot/survival_bot.gd:196)
       [6] _ready (res://tests/bot/survival_bot.gd:118)
ERROR: Error calling from signal 'item_picked_up' to callable: 'Node(audio_manager.gd)::_on_item_picked_up': Cannot convert argument 2 from Object to Object.
   at: emit_signalp (core/object/object.cpp:1406)
   GDScript backtrace (most recent call first):
       [0] pick_up_item (res://scripts/entities/player.gd:1116)
       [1] _grant_starting_equipment (res://scripts/main.gd:367)
       [2] _spawn_player (res://scripts/main.gd:305)
       [3] _start_new_game (res://scripts/main.gd:209)
       [4] _on_character_created (res://scripts/main.gd:194)
       [5] _bypass_character_creation (res://tests/bot/survival_bot.gd:196)
       [6] _ready (res://tests/bot/survival_bot.gd:118)
ERROR: Error calling from signal 'item_picked_up' to callable: 'Node(audio_manager.gd)::_on_item_picked_up': Cannot convert argument 2 from Object to Object.
   at: emit_signalp (core/object/object.cpp:1406)
   GDScript backtrace (most recent call first):
       [0] pick_up_item (res://scripts/entities/player.gd:1116)
       [1] _grant_starting_equipment (res://scripts/main.gd:367)
       [2] _spawn_player (res://scripts/main.gd:305)
       [3] _start_new_game (res://scripts/main.gd:209)
       [4] _on_character_created (res://scripts/main.gd:194)
       [5] _bypass_character_creation (res://tests/bot/survival_bot.gd:196)
       [6] _ready (res://tests/bot/survival_bot.gd:118)
ERROR: Error calling from signal 'item_picked_up' to callable: 'Node(audio_manager.gd)::_on_item_picked_up': Cannot convert argument 2 from Object to Object.
   at: emit_signalp (core/object/object.cpp:1406)
   GDScript backtrace (most recent call first):
       [0] pick_up_item (res://scripts/entities/player.gd:1116)
       [1] _grant_starting_equipment (res://scripts/main.gd:367)
       [2] _spawn_player (res://scripts/main.gd:305)
       [3] _start_new_game (res://scripts/main.gd:209)
       [4] _on_character_created (res://scripts/main.gd:194)
       [5] _bypass_character_creation (res://tests/bot/survival_bot.gd:196)
       [6] _ready (res://tests/bot/survival_bot.gd:118)
ERROR: Error calling from signal 'item_picked_up' to callable: 'Node(audio_manager.gd)::_on_item_picked_up': Cannot convert argument 2 from Object to Object.
   at: emit_signalp (core/object/object.cpp:1406)
   GDScript backtrace (most recent call first):
       [0] pick_up_item (res://scripts/entities/player.gd:1116)
       [1] _grant_starting_equipment (res://scripts/main.gd:367)
       [2] _spawn_player (res://scripts/main.gd:305)
       [3] _start_new_game (res://scripts/main.gd:209)
       [4] _on_character_created (res://scripts/main.gd:194)
       [5] _bypass_character_creation (res://tests/bot/survival_bot.gd:196)
       [6] _ready (res://tests/bot/survival_bot.gd:118)
ERROR: Error calling from signal 'item_picked_up' to callable: 'Node(audio_manager.gd)::_on_item_picked_up': Cannot convert argument 2 from Object to Object.
   at: emit_signalp (core/object/object.cpp:1406)
   GDScript backtrace (most recent call first):
       [0] pick_up_item (res://scripts/entities/player.gd:1116)
       [1] _grant_starting_equipment (res://scripts/main.gd:367)
       [2] _spawn_player (res://scripts/main.gd:305)
       [3] _start_new_game (res://scripts/main.gd:209)
       [4] _on_character_created (res://scripts/main.gd:194)
       [5] _bypass_character_creation (res://tests/bot/survival_bot.gd:196)
       [6] _ready (res://tests/bot/survival_bot.gd:118)
ERROR: Error calling from signal 'item_picked_up' to callable: 'Node(audio_manager.gd)::_on_item_picked_up': Cannot convert argument 2 from Object to Object.
   at: emit_signalp (core/object/object.cpp:1406)
   GDScript backtrace (most recent call first):
       [0] pick_up_item (res://scripts/entities/player.gd:1116)
       [1] _grant_starting_equipment (res://scripts/main.gd:367)
       [2] _spawn_player (res://scripts/main.gd:305)
       [3] _start_new_game (res://scripts/main.gd:209)
       [4] _on_character_created (res://scripts/main.gd:194)
       [5] _bypass_character_creation (res://tests/bot/survival_bot.gd:196)
       [6] _ready (res://tests/bot/survival_bot.gd:118)
ERROR: Error calling from signal 'item_picked_up' to callable: 'Node(audio_manager.gd)::_on_item_picked_up': Cannot convert argument 2 from Object to Object.
   at: emit_signalp (core/object/object.cpp:1406)
   GDScript backtrace (most recent call first):
       [0] pick_up_item (res://scripts/entities/player.gd:1116)
       [1] _grant_starting_equipment (res://scripts/main.gd:367)
       [2] _spawn_player (res://scripts/main.gd:305)
       [3] _start_new_game (res://scripts/main.gd:209)
       [4] _on_character_created (res://scripts/main.gd:194)
       [5] _bypass_character_creation (res://tests/bot/survival_bot.gd:196)
       [6] _ready (res://tests/bot/survival_bot.gd:118)
ERROR: Error calling from signal 'item_picked_up' to callable: 'Node(audio_manager.gd)::_on_item_picked_up': Cannot convert argument 2 from Object to Object.
   at: emit_signalp (core/object/object.cpp:1406)
   GDScript backtrace (most recent call first):
       [0] pick_up_item (res://scripts/entities/player.gd:1116)
       [1] _grant_starting_equipment (res://scripts/main.gd:367)
       [2] _spawn_player (res://scripts/main.gd:305)
       [3] _start_new_game (res://scripts/main.gd:209)
       [4] _on_character_created (res://scripts/main.gd:194)
       [5] _bypass_character_creation (res://tests/bot/survival_bot.gd:196)
       [6] _ready (res://tests/bot/survival_bot.gd:118)
ERROR: Error calling from signal 'item_picked_up' to callable: 'Node(audio_manager.gd)::_on_item_picked_up': Cannot convert argument 2 from Object to Object.
   at: emit_signalp (core/object/object.cpp:1406)
   GDScript backtrace (most recent call first):
       [0] pick_up_item (res://scripts/entities/player.gd:1127)
       [1] _grant_starting_equipment (res://scripts/main.gd:367)
       [2] _spawn_player (res://scripts/main.gd:305)
       [3] _start_new_game (res://scripts/main.gd:209)
       [4] _on_character_created (res://scripts/main.gd:194)
       [5] _bypass_character_creation (res://tests/bot/survival_bot.gd:196)
       [6] _ready (res://tests/bot/survival_bot.gd:118)
ERROR: Error calling from signal 'item_picked_up' to callable: 'Node(audio_manager.gd)::_on_item_picked_up': Cannot convert argument 2 from Object to Object.
   at: emit_signalp (core/object/object.cpp:1406)
   GDScript backtrace (most recent call first):
       [0] pick_up_item (res://scripts/entities/player.gd:1116)
       [1] _grant_starting_equipment (res://scripts/main.gd:367)
       [2] _spawn_player (res://scripts/main.gd:305)
       [3] _start_new_game (res://scripts/main.gd:209)
       [4] _on_character_created (res://scripts/main.gd:194)
       [5] _bypass_character_creation (res://tests/bot/survival_bot.gd:196)
       [6] _ready (res://tests/bot/survival_bot.gd:118)
ERROR: Error calling from signal 'item_picked_up' to callable: 'Node(audio_manager.gd)::_on_item_picked_up': Cannot convert argument 2 from Object to Object.
   at: emit_signalp (core/object/object.cpp:1406)
   GDScript backtrace (most recent call first):
       [0] pick_up_item (res://scripts/entities/player.gd:1116)
       [1] _grant_starting_equipment (res://scripts/main.gd:367)
       [2] _spawn_player (res://scripts/main.gd:305)
       [3] _start_new_game (res://scripts/main.gd:209)
       [4] _on_character_created (res://scripts/main.gd:194)
       [5] _bypass_character_creation (res://tests/bot/survival_bot.gd:196)
       [6] _ready (res://tests/bot/survival_bot.gd:118)
ERROR: Error calling from signal 'item_picked_up' to callable: 'Node(audio_manager.gd)::_on_item_picked_up': Cannot convert argument 2 from Object to Object.
   at: emit_signalp (core/object/object.cpp:1406)
   GDScript backtrace (most recent call first):
       [0] pick_up_item (res://scripts/entities/player.gd:1116)
       [1] _grant_starting_equipment (res://scripts/main.gd:367)
       [2] _spawn_player (res://scripts/main.gd:305)
       [3] _start_new_game (res://scripts/main.gd:209)
       [4] _on_character_created (res://scripts/main.gd:194)
       [5] _bypass_character_creation (res://tests/bot/survival_bot.gd:196)
       [6] _ready (res://tests/bot/survival_bot.gd:118)
ERROR: Error calling from signal 'item_picked_up' to callable: 'Node(audio_manager.gd)::_on_item_picked_up': Cannot convert argument 2 from Object to Object.
   at: emit_signalp (core/object/object.cpp:1406)
   GDScript backtrace (most recent call first):
       [0] pick_up_item (res://scripts/entities/player.gd:1116)
       [1] _grant_starting_equipment (res://scripts/main.gd:367)
       [2] _spawn_player (res://scripts/main.gd:305)
       [3] _start_new_game (res://scripts/main.gd:209)
       [4] _on_character_created (res://scripts/main.gd:194)
       [5] _bypass_character_creation (res://tests/bot/survival_bot.gd:196)
       [6] _ready (res://tests/bot/survival_bot.gd:118)
ERROR: Error calling from signal 'item_picked_up' to callable: 'Node(audio_manager.gd)::_on_item_picked_up': Cannot convert argument 2 from Object to Object.
   at: emit_signalp (core/object/object.cpp:1406)
   GDScript backtrace (most recent call first):
       [0] pick_up_item (res://scripts/entities/player.gd:1116)
       [1] _grant_starting_equipment (res://scripts/main.gd:367)
       [2] _spawn_player (res://scripts/main.gd:305)
       [3] _start_new_game (res://scripts/main.gd:209)
       [4] _on_character_created (res://scripts/main.gd:194)
       [5] _bypass_character_creation (res://tests/bot/survival_bot.gd:196)
       [6] _ready (res://tests/bot/survival_bot.gd:118)
ERROR: Error calling from signal 'item_picked_up' to callable: 'Node(audio_manager.gd)::_on_item_picked_up': Cannot convert argument 2 from Object to Object.
   at: emit_signalp (core/object/object.cpp:1406)
   GDScript backtrace (most recent call first):
       [0] pick_up_item (res://scripts/entities/player.gd:1116)
       [1] _grant_starting_equipment (res://scripts/main.gd:367)
       [2] _spawn_player (res://scripts/main.gd:305)
       [3] _start_new_game (res://scripts/main.gd:209)
       [4] _on_character_created (res://scripts/main.gd:194)
       [5] _bypass_character_creation (res://tests/bot/survival_bot.gd:196)
       [6] _ready (res://tests/bot/survival_bot.gd:118)
ERROR: Error calling from signal 'item_picked_up' to callable: 'Node(audio_manager.gd)::_on_item_picked_up': Cannot convert argument 2 from Object to Object.
   at: emit_signalp (core/object/object.cpp:1406)
   GDScript backtrace (most recent call first):
       [0] pick_up_item (res://scripts/entities/player.gd:1116)
       [1] _grant_starting_equipment (res://scripts/main.gd:367)
       [2] _spawn_player (res://scripts/main.gd:305)
       [3] _start_new_game (res://scripts/main.gd:209)
       [4] _on_character_created (res://scripts/main.gd:194)
       [5] _bypass_character_creation (res://tests/bot/survival_bot.gd:196)
       [6] _ready (res://tests/bot/survival_bot.gd:118)
ERROR: Error calling from signal 'item_picked_up' to callable: 'Node(audio_manager.gd)::_on_item_picked_up': Cannot convert argument 2 from Object to Object.
   at: emit_signalp (core/object/object.cpp:1406)
   GDScript backtrace (most recent call first):
       [0] pick_up_item (res://scripts/entities/player.gd:1127)
       [1] _grant_starting_equipment (res://scripts/main.gd:367)
       [2] _spawn_player (res://scripts/main.gd:305)
       [3] _start_new_game (res://scripts/main.gd:209)
       [4] _on_character_created (res://scripts/main.gd:194)
       [5] _bypass_character_creation (res://tests/bot/survival_bot.gd:196)
       [6] _ready (res://tests/bot/survival_bot.gd:118)
ERROR: Error calling from signal 'item_picked_up' to callable: 'Node(audio_manager.gd)::_on_item_picked_up': Cannot convert argument 2 from Object to Object.
   at: emit_signalp (core/object/object.cpp:1406)
   GDScript backtrace (most recent call first):
       [0] pick_up_item (res://scripts/entities/player.gd:1127)
       [1] _grant_starting_equipment (res://scripts/main.gd:367)
       [2] _spawn_player (res://scripts/main.gd:305)
       [3] _start_new_game (res://scripts/main.gd:209)
       [4] _on_character_created (res://scripts/main.gd:194)
       [5] _bypass_character_creation (res://tests/bot/survival_bot.gd:196)
       [6] _ready (res://tests/bot/survival_bot.gd:118)
ERROR: Error calling from signal 'item_picked_up' to callable: 'Node(audio_manager.gd)::_on_item_picked_up': Cannot convert argument 2 from Object to Object.
   at: emit_signalp (core/object/object.cpp:1406)
   GDScript backtrace (most recent call first):
       [0] pick_up_item (res://scripts/entities/player.gd:1127)
       [1] _grant_starting_equipment (res://scripts/main.gd:367)
       [2] _spawn_player (res://scripts/main.gd:305)
       [3] _start_new_game (res://scripts/main.gd:209)
       [4] _on_character_created (res://scripts/main.gd:194)
       [5] _bypass_character_creation (res://tests/bot/survival_bot.gd:196)
       [6] _ready (res://tests/bot/survival_bot.gd:118)
ERROR: Error calling from signal 'item_picked_up' to callable: 'Node(audio_manager.gd)::_on_item_picked_up': Cannot convert argument 2 from Object to Object.
   at: emit_signalp (core/object/object.cpp:1406)
   GDScript backtrace (most recent call first):
       [0] pick_up_item (res://scripts/entities/player.gd:1127)
       [1] _grant_starting_equipment (res://scripts/main.gd:367)
       [2] _spawn_player (res://scripts/main.gd:305)
       [3] _start_new_game (res://scripts/main.gd:209)
       [4] _on_character_created (res://scripts/main.gd:194)
       [5] _bypass_character_creation (res://tests/bot/survival_bot.gd:196)
       [6] _ready (res://tests/bot/survival_bot.gd:118)
ERROR: Error calling from signal 'item_picked_up' to callable: 'Node(audio_manager.gd)::_on_item_picked_up': Cannot convert argument 2 from Object to Object.
   at: emit_signalp (core/object/object.cpp:1406)
   GDScript backtrace (most recent call first):
       [0] pick_up_item (res://scripts/entities/player.gd:1127)
       [1] _grant_starting_equipment (res://scripts/main.gd:367)
       [2] _spawn_player (res://scripts/main.gd:305)
       [3] _start_new_game (res://scripts/main.gd:209)
       [4] _on_character_created (res://scripts/main.gd:194)
       [5] _bypass_character_creation (res://tests/bot/survival_bot.gd:196)
       [6] _ready (res://tests/bot/survival_bot.gd:118)
ERROR: Error calling from signal 'item_picked_up' to callable: 'Node(audio_manager.gd)::_on_item_picked_up': Cannot convert argument 2 from Object to Object.
   at: emit_signalp (core/object/object.cpp:1406)
   GDScript backtrace (most recent call first):
       [0] pick_up_item (res://scripts/entities/player.gd:1127)
       [1] _grant_starting_equipment (res://scripts/main.gd:367)
       [2] _spawn_player (res://scripts/main.gd:305)
       [3] _start_new_game (res://scripts/main.gd:209)
       [4] _on_character_created (res://scripts/main.gd:194)
       [5] _bypass_character_creation (res://tests/bot/survival_bot.gd:196)
       [6] _ready (res://tests/bot/survival_bot.gd:118)
ERROR: Error calling from signal 'item_picked_up' to callable: 'Node(audio_manager.gd)::_on_item_picked_up': Cannot convert argument 2 from Object to Object.
   at: emit_signalp (core/object/object.cpp:1406)
   GDScript backtrace (most recent call first):
       [0] pick_up_item (res://scripts/entities/player.gd:1127)
       [1] _grant_starting_equipment (res://scripts/main.gd:367)
       [2] _spawn_player (res://scripts/main.gd:305)
       [3] _start_new_game (res://scripts/main.gd:209)
       [4] _on_character_created (res://scripts/main.gd:194)
       [5] _bypass_character_creation (res://tests/bot/survival_bot.gd:196)
       [6] _ready (res://tests/bot/survival_bot.gd:118)
ERROR: Error calling from signal 'item_picked_up' to callable: 'Node(audio_manager.gd)::_on_item_picked_up': Cannot convert argument 2 from Object to Object.
   at: emit_signalp (core/object/object.cpp:1406)
   GDScript backtrace (most recent call first):
       [0] pick_up_item (res://scripts/entities/player.gd:1127)
       [1] _grant_starting_equipment (res://scripts/main.gd:367)
       [2] _spawn_player (res://scripts/main.gd:305)
       [3] _start_new_game (res://scripts/main.gd:209)
       [4] _on_character_created (res://scripts/main.gd:194)
       [5] _bypass_character_creation (res://tests/bot/survival_bot.gd:196)
       [6] _ready (res://tests/bot/survival_bot.gd:118)
ERROR: Error calling from signal 'item_picked_up' to callable: 'Node(audio_manager.gd)::_on_item_picked_up': Cannot convert argument 2 from Object to Object.
   at: emit_signalp (core/object/object.cpp:1406)
   GDScript backtrace (most recent call first):
       [0] pick_up_item (res://scripts/entities/player.gd:1127)
       [1] _grant_starting_equipment (res://scripts/main.gd:367)
       [2] _spawn_player (res://scripts/main.gd:305)
       [3] _start_new_game (res://scripts/main.gd:209)
       [4] _on_character_created (res://scripts/main.gd:194)
       [5] _bypass_character_creation (res://tests/bot/survival_bot.gd:196)
       [6] _ready (res://tests/bot/survival_bot.gd:118)
ERROR: Error calling from signal 'item_picked_up' to callable: 'Node(audio_manager.gd)::_on_item_picked_up': Cannot convert argument 2 from Object to Object.
   at: emit_signalp (core/object/object.cpp:1406)
   GDScript backtrace (most recent call first):
       [0] pick_up_item (res://scripts/entities/player.gd:1127)
       [1] _grant_starting_equipment (res://scripts/main.gd:367)
       [2] _spawn_player (res://scripts/main.gd:305)
       [3] _start_new_game (res://scripts/main.gd:209)
       [4] _on_character_created (res://scripts/main.gd:194)
       [5] _bypass_character_creation (res://tests/bot/survival_bot.gd:196)
       [6] _ready (res://tests/bot/survival_bot.gd:118)
ERROR: Error calling from signal 'item_picked_up' to callable: 'Node(audio_manager.gd)::_on_item_picked_up': Cannot convert argument 2 from Object to Object.
   at: emit_signalp (core/object/object.cpp:1406)
   GDScript backtrace (most recent call first):
       [0] pick_up_item (res://scripts/entities/player.gd:1127)
       [1] _grant_starting_equipment (res://scripts/main.gd:367)
       [2] _spawn_player (res://scripts/main.gd:305)
       [3] _start_new_game (res://scripts/main.gd:209)
       [4] _on_character_created (res://scripts/main.gd:194)
       [5] _bypass_character_creation (res://tests/bot/survival_bot.gd:196)
       [6] _ready (res://tests/bot/survival_bot.gd:118)
ERROR: Error calling from signal 'item_picked_up' to callable: 'Node(audio_manager.gd)::_on_item_picked_up': Cannot convert argument 2 from Object to Object.
   at: emit_signalp (core/object/object.cpp:1406)
   GDScript backtrace (most recent call first):
       [0] pick_up_item (res://scripts/entities/player.gd:1127)
       [1] _grant_starting_equipment (res://scripts/main.gd:367)
       [2] _spawn_player (res://scripts/main.gd:305)
       [3] _start_new_game (res://scripts/main.gd:209)
       [4] _on_character_created (res://scripts/main.gd:194)
       [5] _bypass_character_creation (res://tests/bot/survival_bot.gd:196)
       [6] _ready (res://tests/bot/survival_bot.gd:118)
ERROR: Error calling from signal 'item_picked_up' to callable: 'Node(audio_manager.gd)::_on_item_picked_up': Cannot convert argument 2 from Object to Object.
   at: emit_signalp (core/object/object.cpp:1406)
   GDScript backtrace (most recent call first):
       [0] pick_up_item (res://scripts/entities/player.gd:1127)
       [1] _grant_starting_equipment (res://scripts/main.gd:367)
       [2] _spawn_player (res://scripts/main.gd:305)
       [3] _start_new_game (res://scripts/main.gd:209)
       [4] _on_character_created (res://scripts/main.gd:194)
       [5] _bypass_character_creation (res://tests/bot/survival_bot.gd:196)
       [6] _ready (res://tests/bot/survival_bot.gd:118)
ERROR: Error calling from signal 'item_picked_up' to callable: 'Node(audio_manager.gd)::_on_item_picked_up': Cannot convert argument 2 from Object to Object.
   at: emit_signalp (core/object/object.cpp:1406)
   GDScript backtrace (most recent call first):
       [0] pick_up_item (res://scripts/entities/player.gd:1116)
       [1] _grant_starting_equipment (res://scripts/main.gd:367)
       [2] _spawn_player (res://scripts/main.gd:305)
       [3] _start_new_game (res://scripts/main.gd:209)
       [4] _on_character_created (res://scripts/main.gd:194)
       [5] _bypass_character_creation (res://tests/bot/survival_bot.gd:196)
       [6] _ready (res://tests/bot/survival_bot.gd:118)
ERROR: Error calling from signal 'item_picked_up' to callable: 'Node(audio_manager.gd)::_on_item_picked_up': Cannot convert argument 2 from Object to Object.
   at: emit_signalp (core/object/object.cpp:1406)
   GDScript backtrace (most recent call first):
       [0] pick_up_item (res://scripts/entities/player.gd:1116)
       [1] _grant_starting_equipment (res://scripts/main.gd:367)
       [2] _spawn_player (res://scripts/main.gd:305)
       [3] _start_new_game (res://scripts/main.gd:209)
       [4] _on_character_created (res://scripts/main.gd:194)
       [5] _bypass_character_creation (res://tests/bot/survival_bot.gd:196)
       [6] _ready (res://tests/bot/survival_bot.gd:118)
ERROR: Error calling from signal 'item_picked_up' to callable: 'Node(audio_manager.gd)::_on_item_picked_up': Cannot convert argument 2 from Object to Object.
   at: emit_signalp (core/object/object.cpp:1406)
   GDScript backtrace (most recent call first):
       [0] pick_up_item (res://scripts/entities/player.gd:1116)
       [1] _grant_starting_equipment (res://scripts/main.gd:367)
       [2] _spawn_player (res://scripts/main.gd:305)
       [3] _start_new_game (res://scripts/main.gd:209)
       [4] _on_character_created (res://scripts/main.gd:194)
       [5] _bypass_character_creation (res://tests/bot/survival_bot.gd:196)
       [6] _ready (res://tests/bot/survival_bot.gd:118)
ERROR: Error calling from signal 'item_picked_up' to callable: 'Node(audio_manager.gd)::_on_item_picked_up': Cannot convert argument 2 from Object to Object.
   at: emit_signalp (core/object/object.cpp:1406)
   GDScript backtrace (most recent call first):
       [0] pick_up_item (res://scripts/entities/player.gd:1116)
       [1] _grant_starting_equipment (res://scripts/main.gd:367)
       [2] _spawn_player (res://scripts/main.gd:305)
       [3] _start_new_game (res://scripts/main.gd:209)
       [4] _on_character_created (res://scripts/main.gd:194)
       [5] _bypass_character_creation (res://tests/bot/survival_bot.gd:196)
       [6] _ready (res://tests/bot/survival_bot.gd:118)
ERROR: Error calling from signal 'item_picked_up' to callable: 'Node(audio_manager.gd)::_on_item_picked_up': Cannot convert argument 2 from Object to Object.
   at: emit_signalp (core/object/object.cpp:1406)
   GDScript backtrace (most recent call first):
       [0] pick_up_item (res://scripts/entities/player.gd:1116)
       [1] _grant_starting_equipment (res://scripts/main.gd:367)
       [2] _spawn_player (res://scripts/main.gd:305)
       [3] _start_new_game (res://scripts/main.gd:209)
       [4] _on_character_created (res://scripts/main.gd:194)
       [5] _bypass_character_creation (res://tests/bot/survival_bot.gd:196)
       [6] _ready (res://tests/bot/survival_bot.gd:118)
ERROR: Error calling from signal 'item_picked_up' to callable: 'Node(audio_manager.gd)::_on_item_picked_up': Cannot convert argument 2 from Object to Object.
   at: emit_signalp (core/object/object.cpp:1406)
   GDScript backtrace (most recent call first):
       [0] pick_up_item (res://scripts/entities/player.gd:1116)
       [1] _grant_starting_equipment (res://scripts/main.gd:367)
       [2] _spawn_player (res://scripts/main.gd:305)
       [3] _start_new_game (res://scripts/main.gd:209)
       [4] _on_character_created (res://scripts/main.gd:194)
       [5] _bypass_character_creation (res://tests/bot/survival_bot.gd:196)
       [6] _ready (res://tests/bot/survival_bot.gd:118)
ERROR: Error calling from signal 'item_picked_up' to callable: 'Node(audio_manager.gd)::_on_item_picked_up': Cannot convert argument 2 from Object to Object.
   at: emit_signalp (core/object/object.cpp:1406)
   GDScript backtrace (most recent call first):
       [0] pick_up_item (res://scripts/entities/player.gd:1116)
       [1] _grant_starting_equipment (res://scripts/main.gd:367)
       [2] _spawn_player (res://scripts/main.gd:305)
       [3] _start_new_game (res://scripts/main.gd:209)
       [4] _on_character_created (res://scripts/main.gd:194)
       [5] _bypass_character_creation (res://tests/bot/survival_bot.gd:196)
       [6] _ready (res://tests/bot/survival_bot.gd:118)
ERROR: Error calling from signal 'item_picked_up' to callable: 'Node(audio_manager.gd)::_on_item_picked_up': Cannot convert argument 2 from Object to Object.
   at: emit_signalp (core/object/object.cpp:1406)
   GDScript backtrace (most recent call first):
       [0] pick_up_item (res://scripts/entities/player.gd:1116)
       [1] _grant_starting_equipment (res://scripts/main.gd:367)
       [2] _spawn_player (res://scripts/main.gd:305)
       [3] _start_new_game (res://scripts/main.gd:209)
       [4] _on_character_created (res://scripts/main.gd:194)
       [5] _bypass_character_creation (res://tests/bot/survival_bot.gd:196)
       [6] _ready (res://tests/bot/survival_bot.gd:118)
ERROR: Error calling from signal 'item_picked_up' to callable: 'Node(audio_manager.gd)::_on_item_picked_up': Cannot convert argument 2 from Object to Object.
   at: emit_signalp (core/object/object.cpp:1406)
   GDScript backtrace (most recent call first):
       [0] pick_up_item (res://scripts/entities/player.gd:1116)
       [1] _grant_starting_equipment (res://scripts/main.gd:367)
       [2] _spawn_player (res://scripts/main.gd:305)
       [3] _start_new_game (res://scripts/main.gd:209)
       [4] _on_character_created (res://scripts/main.gd:194)
       [5] _bypass_character_creation (res://tests/bot/survival_bot.gd:196)
       [6] _ready (res://tests/bot/survival_bot.gd:118)
ERROR: Error calling from signal 'item_picked_up' to callable: 'Node(audio_manager.gd)::_on_item_picked_up': Cannot convert argument 2 from Object to Object.
   at: emit_signalp (core/object/object.cpp:1406)
   GDScript backtrace (most recent call first):
       [0] pick_up_item (res://scripts/entities/player.gd:1116)
       [1] _grant_starting_equipment (res://scripts/main.gd:367)
       [2] _spawn_player (res://scripts/main.gd:305)
       [3] _start_new_game (res://scripts/main.gd:209)
       [4] _on_character_created (res://scripts/main.gd:194)
       [5] _bypass_character_creation (res://tests/bot/survival_bot.gd:196)
       [6] _ready (res://tests/bot/survival_bot.gd:118)
ERROR: Error calling from signal 'item_picked_up' to callable: 'Node(audio_manager.gd)::_on_item_picked_up': Cannot convert argument 2 from Object to Object.
   at: emit_signalp (core/object/object.cpp:1406)
   GDScript backtrace (most recent call first):
       [0] pick_up_item (res://scripts/entities/player.gd:1116)
       [1] _grant_starting_equipment (res://scripts/main.gd:367)
       [2] _spawn_player (res://scripts/main.gd:305)
       [3] _start_new_game (res://scripts/main.gd:209)
       [4] _on_character_created (res://scripts/main.gd:194)
       [5] _bypass_character_creation (res://tests/bot/survival_bot.gd:196)
       [6] _ready (res://tests/bot/survival_bot.gd:118)
ERROR: Error calling from signal 'item_picked_up' to callable: 'Node(audio_manager.gd)::_on_item_picked_up': Cannot convert argument 2 from Object to Object.
   at: emit_signalp (core/object/object.cpp:1406)
   GDScript backtrace (most recent call first):
       [0] pick_up_item (res://scripts/entities/player.gd:1116)
       [1] _grant_starting_equipment (res://scripts/main.gd:367)
       [2] _spawn_player (res://scripts/main.gd:305)
       [3] _start_new_game (res://scripts/main.gd:209)
       [4] _on_character_created (res://scripts/main.gd:194)
       [5] _bypass_character_creation (res://tests/bot/survival_bot.gd:196)
       [6] _ready (res://tests/bot/survival_bot.gd:118)
ERROR: Error calling from signal 'item_picked_up' to callable: 'Node(audio_manager.gd)::_on_item_picked_up': Cannot convert argument 2 from Object to Object.
   at: emit_signalp (core/object/object.cpp:1406)
   GDScript backtrace (most recent call first):
       [0] pick_up_item (res://scripts/entities/player.gd:1116)
       [1] _grant_starting_equipment (res://scripts/main.gd:367)
       [2] _spawn_player (res://scripts/main.gd:305)
       [3] _start_new_game (res://scripts/main.gd:209)
       [4] _on_character_created (res://scripts/main.gd:194)
       [5] _bypass_character_creation (res://tests/bot/survival_bot.gd:196)
       [6] _ready (res://tests/bot/survival_bot.gd:118)
ERROR: Error calling from signal 'item_picked_up' to callable: 'Node(audio_manager.gd)::_on_item_picked_up': Cannot convert argument 2 from Object to Object.
   at: emit_signalp (core/object/object.cpp:1406)
   GDScript backtrace (most recent call first):
       [0] pick_up_item (res://scripts/entities/player.gd:1116)
       [1] _grant_starting_equipment (res://scripts/main.gd:367)
       [2] _spawn_player (res://scripts/main.gd:305)
       [3] _start_new_game (res://scripts/main.gd:209)
       [4] _on_character_created (res://scripts/main.gd:194)
       [5] _bypass_character_creation (res://tests/bot/survival_bot.gd:196)
       [6] _ready (res://tests/bot/survival_bot.gd:118)
ERROR: Error calling from signal 'item_picked_up' to callable: 'Node(audio_manager.gd)::_on_item_picked_up': Cannot convert argument 2 from Object to Object.
   at: emit_signalp (core/object/object.cpp:1406)
   GDScript backtrace (most recent call first):
       [0] pick_up_item (res://scripts/entities/player.gd:1116)
       [1] _grant_starting_equipment (res://scripts/main.gd:367)
       [2] _spawn_player (res://scripts/main.gd:305)
       [3] _start_new_game (res://scripts/main.gd:209)
       [4] _on_character_created (res://scripts/main.gd:194)
       [5] _bypass_character_creation (res://tests/bot/survival_bot.gd:196)
       [6] _ready (res://tests/bot/survival_bot.gd:118)
ERROR: Error calling from signal 'item_picked_up' to callable: 'Node(audio_manager.gd)::_on_item_picked_up': Cannot convert argument 2 from Object to Object.
   at: emit_signalp (core/object/object.cpp:1406)
   GDScript backtrace (most recent call first):
       [0] pick_up_item (res://scripts/entities/player.gd:1116)
       [1] _grant_starting_equipment (res://scripts/main.gd:367)
       [2] _spawn_player (res://scripts/main.gd:305)
       [3] _start_new_game (res://scripts/main.gd:209)
       [4] _on_character_created (res://scripts/main.gd:194)
       [5] _bypass_character_creation (res://tests/bot/survival_bot.gd:196)
       [6] _ready (res://tests/bot/survival_bot.gd:118)
ERROR: Error calling from signal 'item_picked_up' to callable: 'Node(audio_manager.gd)::_on_item_picked_up': Cannot convert argument 2 from Object to Object.
   at: emit_signalp (core/object/object.cpp:1406)
   GDScript backtrace (most recent call first):
       [0] pick_up_item (res://scripts/entities/player.gd:1116)
       [1] _grant_starting_equipment (res://scripts/main.gd:367)
       [2] _spawn_player (res://scripts/main.gd:305)
       [3] _start_new_game (res://scripts/main.gd:209)
       [4] _on_character_created (res://scripts/main.gd:194)
       [5] _bypass_character_creation (res://tests/bot/survival_bot.gd:196)
       [6] _ready (res://tests/bot/survival_bot.gd:118)
ERROR: Error calling from signal 'item_picked_up' to callable: 'Node(audio_manager.gd)::_on_item_picked_up': Cannot convert argument 2 from Object to Object.
   at: emit_signalp (core/object/object.cpp:1406)
   GDScript backtrace (most recent call first):
       [0] pick_up_item (res://scripts/entities/player.gd:1116)
       [1] _grant_starting_equipment (res://scripts/main.gd:367)
       [2] _spawn_player (res://scripts/main.gd:305)
       [3] _start_new_game (res://scripts/main.gd:209)
       [4] _on_character_created (res://scripts/main.gd:194)
       [5] _bypass_character_creation (res://tests/bot/survival_bot.gd:196)
       [6] _ready (res://tests/bot/survival_bot.gd:118)
ERROR: Error calling from signal 'item_picked_up' to callable: 'Node(audio_manager.gd)::_on_item_picked_up': Cannot convert argument 2 from Object to Object.
   at: emit_signalp (core/object/object.cpp:1406)
   GDScript backtrace (most recent call first):
       [0] pick_up_item (res://scripts/entities/player.gd:1116)
       [1] _grant_starting_equipment (res://scripts/main.gd:367)
       [2] _spawn_player (res://scripts/main.gd:305)
       [3] _start_new_game (res://scripts/main.gd:209)
       [4] _on_character_created (res://scripts/main.gd:194)
       [5] _bypass_character_creation (res://tests/bot/survival_bot.gd:196)
       [6] _ready (res://tests/bot/survival_bot.gd:118)
ERROR: Error calling from signal 'item_picked_up' to callable: 'Node(audio_manager.gd)::_on_item_picked_up': Cannot convert argument 2 from Object to Object.
   at: emit_signalp (core/object/object.cpp:1406)
   GDScript backtrace (most recent call first):
       [0] pick_up_item (res://scripts/entities/player.gd:1127)
       [1] _grant_starting_equipment (res://scripts/main.gd:367)
       [2] _spawn_player (res://scripts/main.gd:305)
       [3] _start_new_game (res://scripts/main.gd:209)
       [4] _on_character_created (res://scripts/main.gd:194)
       [5] _bypass_character_creation (res://tests/bot/survival_bot.gd:196)
       [6] _ready (res://tests/bot/survival_bot.gd:118)
ERROR: Error calling from signal 'item_picked_up' to callable: 'Node(audio_manager.gd)::_on_item_picked_up': Cannot convert argument 2 from Object to Object.
   at: emit_signalp (core/object/object.cpp:1406)
   GDScript backtrace (most recent call first):
       [0] pick_up_item (res://scripts/entities/player.gd:1116)
       [1] _grant_starting_equipment (res://scripts/main.gd:367)
       [2] _spawn_player (res://scripts/main.gd:305)
       [3] _start_new_game (res://scripts/main.gd:209)
       [4] _on_character_created (res://scripts/main.gd:194)
       [5] _bypass_character_creation (res://tests/bot/survival_bot.gd:196)
       [6] _ready (res://tests/bot/survival_bot.gd:118)
ERROR: Error calling from signal 'item_picked_up' to callable: 'Node(audio_manager.gd)::_on_item_picked_up': Cannot convert argument 2 from Object to Object.
   at: emit_signalp (core/object/object.cpp:1406)
   GDScript backtrace (most recent call first):
       [0] pick_up_item (res://scripts/entities/player.gd:1116)
       [1] _grant_starting_equipment (res://scripts/main.gd:367)
       [2] _spawn_player (res://scripts/main.gd:305)
       [3] _start_new_game (res://scripts/main.gd:209)
       [4] _on_character_created (res://scripts/main.gd:194)
       [5] _bypass_character_creation (res://tests/bot/survival_bot.gd:196)
       [6] _ready (res://tests/bot/survival_bot.gd:118)
ERROR: Error calling from signal 'item_picked_up' to callable: 'Node(audio_manager.gd)::_on_item_picked_up': Cannot convert argument 2 from Object to Object.
   at: emit_signalp (core/object/object.cpp:1406)
   GDScript backtrace (most recent call first):
       [0] pick_up_item (res://scripts/entities/player.gd:1116)
       [1] _grant_starting_equipment (res://scripts/main.gd:367)
       [2] _spawn_player (res://scripts/main.gd:305)
       [3] _start_new_game (res://scripts/main.gd:209)
       [4] _on_character_created (res://scripts/main.gd:194)
       [5] _bypass_character_creation (res://tests/bot/survival_bot.gd:196)
       [6] _ready (res://tests/bot/survival_bot.gd:118)
ERROR: Error calling from signal 'item_picked_up' to callable: 'Node(audio_manager.gd)::_on_item_picked_up': Cannot convert argument 2 from Object to Object.
   at: emit_signalp (core/object/object.cpp:1406)
   GDScript backtrace (most recent call first):
       [0] pick_up_item (res://scripts/entities/player.gd:1116)
       [1] _grant_starting_equipment (res://scripts/main.gd:367)
       [2] _spawn_player (res://scripts/main.gd:305)
       [3] _start_new_game (res://scripts/main.gd:209)
       [4] _on_character_created (res://scripts/main.gd:194)
       [5] _bypass_character_creation (res://tests/bot/survival_bot.gd:196)
       [6] _ready (res://tests/bot/survival_bot.gd:118)
ERROR: Error calling from signal 'item_picked_up' to callable: 'Node(audio_manager.gd)::_on_item_picked_up': Cannot convert argument 2 from Object to Object.
   at: emit_signalp (core/object/object.cpp:1406)
   GDScript backtrace (most recent call first):
       [0] pick_up_item (res://scripts/entities/player.gd:1116)
       [1] _grant_starting_equipment (res://scripts/main.gd:367)
       [2] _spawn_player (res://scripts/main.gd:305)
       [3] _start_new_game (res://scripts/main.gd:209)
       [4] _on_character_created (res://scripts/main.gd:194)
       [5] _bypass_character_creation (res://tests/bot/survival_bot.gd:196)
       [6] _ready (res://tests/bot/survival_bot.gd:118)
ERROR: Error calling from signal 'item_picked_up' to callable: 'Node(audio_manager.gd)::_on_item_picked_up': Cannot convert argument 2 from Object to Object.
   at: emit_signalp (core/object/object.cpp:1406)
   GDScript backtrace (most recent call first):
       [0] pick_up_item (res://scripts/entities/player.gd:1116)
       [1] _grant_starting_equipment (res://scripts/main.gd:367)
       [2] _spawn_player (res://scripts/main.gd:305)
       [3] _start_new_game (res://scripts/main.gd:209)
       [4] _on_character_created (res://scripts/main.gd:194)
       [5] _bypass_character_creation (res://tests/bot/survival_bot.gd:196)
       [6] _ready (res://tests/bot/survival_bot.gd:118)
ERROR: Error calling from signal 'item_picked_up' to callable: 'Node(audio_manager.gd)::_on_item_picked_up': Cannot convert argument 2 from Object to Object.
   at: emit_signalp (core/object/object.cpp:1406)
   GDScript backtrace (most recent call first):
       [0] pick_up_item (res://scripts/entities/player.gd:1116)
       [1] _grant_starting_equipment (res://scripts/main.gd:367)
       [2] _spawn_player (res://scripts/main.gd:305)
       [3] _start_new_game (res://scripts/main.gd:209)
       [4] _on_character_created (res://scripts/main.gd:194)
       [5] _bypass_character_creation (res://tests/bot/survival_bot.gd:196)
       [6] _ready (res://tests/bot/survival_bot.gd:118)
ERROR: Error calling from signal 'item_picked_up' to callable: 'Node(audio_manager.gd)::_on_item_picked_up': Cannot convert argument 2 from Object to Object.
   at: emit_signalp (core/object/object.cpp:1406)
   GDScript backtrace (most recent call first):
       [0] pick_up_item (res://scripts/entities/player.gd:1116)
       [1] _grant_starting_equipment (res://scripts/main.gd:367)
       [2] _spawn_player (res://scripts/main.gd:305)
       [3] _start_new_game (res://scripts/main.gd:209)
       [4] _on_character_created (res://scripts/main.gd:194)
       [5] _bypass_character_creation (res://tests/bot/survival_bot.gd:196)
       [6] _ready (res://tests/bot/survival_bot.gd:118)
ERROR: Error calling from signal 'item_picked_up' to callable: 'Node(audio_manager.gd)::_on_item_picked_up': Cannot convert argument 2 from Object to Object.
   at: emit_signalp (core/object/object.cpp:1406)
   GDScript backtrace (most recent call first):
       [0] pick_up_item (res://scripts/entities/player.gd:1116)
       [1] _grant_starting_equipment (res://scripts/main.gd:367)
       [2] _spawn_player (res://scripts/main.gd:305)
       [3] _start_new_game (res://scripts/main.gd:209)
       [4] _on_character_created (res://scripts/main.gd:194)
       [5] _bypass_character_creation (res://tests/bot/survival_bot.gd:196)
       [6] _ready (res://tests/bot/survival_bot.gd:118)
ERROR: Error calling from signal 'item_picked_up' to callable: 'Node(audio_manager.gd)::_on_item_picked_up': Cannot convert argument 2 from Object to Object.
   at: emit_signalp (core/object/object.cpp:1406)
   GDScript backtrace (most recent call first):
       [0] pick_up_item (res://scripts/entities/player.gd:1116)
       [1] _grant_starting_equipment (res://scripts/main.gd:367)
       [2] _spawn_player (res://scripts/main.gd:305)
       [3] _start_new_game (res://scripts/main.gd:209)
       [4] _on_character_created (res://scripts/main.gd:194)
       [5] _bypass_character_creation (res://tests/bot/survival_bot.gd:196)
       [6] _ready (res://tests/bot/survival_bot.gd:118)
ERROR: Error calling from signal 'item_picked_up' to callable: 'Node(audio_manager.gd)::_on_item_picked_up': Cannot convert argument 2 from Object to Object.
   at: emit_signalp (core/object/object.cpp:1406)
   GDScript backtrace (most recent call first):
       [0] pick_up_item (res://scripts/entities/player.gd:1116)
       [1] _grant_starting_equipment (res://scripts/main.gd:367)
       [2] _spawn_player (res://scripts/main.gd:305)
       [3] _start_new_game (res://scripts/main.gd:209)
       [4] _on_character_created (res://scripts/main.gd:194)
       [5] _bypass_character_creation (res://tests/bot/survival_bot.gd:196)
       [6] _ready (res://tests/bot/survival_bot.gd:118)
ERROR: Error calling from signal 'item_picked_up' to callable: 'Node(audio_manager.gd)::_on_item_picked_up': Cannot convert argument 2 from Object to Object.
   at: emit_signalp (core/object/object.cpp:1406)
   GDScript backtrace (most recent call first):
       [0] pick_up_item (res://scripts/entities/player.gd:1116)
       [1] _grant_starting_equipment (res://scripts/main.gd:367)
       [2] _spawn_player (res://scripts/main.gd:305)
       [3] _start_new_game (res://scripts/main.gd:209)
       [4] _on_character_created (res://scripts/main.gd:194)
       [5] _bypass_character_creation (res://tests/bot/survival_bot.gd:196)
       [6] _ready (res://tests/bot/survival_bot.gd:118)
ERROR: Error calling from signal 'item_picked_up' to callable: 'Node(audio_manager.gd)::_on_item_picked_up': Cannot convert argument 2 from Object to Object.
   at: emit_signalp (core/object/object.cpp:1406)
   GDScript backtrace (most recent call first):
       [0] pick_up_item (res://scripts/entities/player.gd:1116)
       [1] _grant_starting_equipment (res://scripts/main.gd:367)
       [2] _spawn_player (res://scripts/main.gd:305)
       [3] _start_new_game (res://scripts/main.gd:209)
       [4] _on_character_created (res://scripts/main.gd:194)
       [5] _bypass_character_creation (res://tests/bot/survival_bot.gd:196)
       [6] _ready (res://tests/bot/survival_bot.gd:118)
ERROR: Error calling from signal 'item_picked_up' to callable: 'Node(audio_manager.gd)::_on_item_picked_up': Cannot convert argument 2 from Object to Object.
   at: emit_signalp (core/object/object.cpp:1406)
   GDScript backtrace (most recent call first):
       [0] pick_up_item (res://scripts/entities/player.gd:1116)
       [1] _grant_starting_equipment (res://scripts/main.gd:367)
       [2] _spawn_player (res://scripts/main.gd:305)
       [3] _start_new_game (res://scripts/main.gd:209)
       [4] _on_character_created (res://scripts/main.gd:194)
       [5] _bypass_character_creation (res://tests/bot/survival_bot.gd:196)
       [6] _ready (res://tests/bot/survival_bot.gd:118)
ERROR: Error calling from signal 'item_picked_up' to callable: 'Node(audio_manager.gd)::_on_item_picked_up': Cannot convert argument 2 from Object to Object.
   at: emit_signalp (core/object/object.cpp:1406)
   GDScript backtrace (most recent call first):
       [0] pick_up_item (res://scripts/entities/player.gd:1116)
       [1] _grant_starting_equipment (res://scripts/main.gd:367)
       [2] _spawn_player (res://scripts/main.gd:305)
       [3] _start_new_game (res://scripts/main.gd:209)
       [4] _on_character_created (res://scripts/main.gd:194)
       [5] _bypass_character_creation (res://tests/bot/survival_bot.gd:196)
       [6] _ready (res://tests/bot/survival_bot.gd:118)
ERROR: Error calling from signal 'item_picked_up' to callable: 'Node(audio_manager.gd)::_on_item_picked_up': Cannot convert argument 2 from Object to Object.
   at: emit_signalp (core/object/object.cpp:1406)
   GDScript backtrace (most recent call first):
       [0] pick_up_item (res://scripts/entities/player.gd:1116)
       [1] _grant_starting_equipment (res://scripts/main.gd:367)
       [2] _spawn_player (res://scripts/main.gd:305)
       [3] _start_new_game (res://scripts/main.gd:209)
       [4] _on_character_created (res://scripts/main.gd:194)
       [5] _bypass_character_creation (res://tests/bot/survival_bot.gd:196)
       [6] _ready (res://tests/bot/survival_bot.gd:118)
ERROR: Error calling from signal 'item_picked_up' to callable: 'Node(audio_manager.gd)::_on_item_picked_up': Cannot convert argument 2 from Object to Object.
   at: emit_signalp (core/object/object.cpp:1406)
   GDScript backtrace (most recent call first):
       [0] pick_up_item (res://scripts/entities/player.gd:1116)
       [1] _grant_starting_equipment (res://scripts/main.gd:367)
       [2] _spawn_player (res://scripts/main.gd:305)
       [3] _start_new_game (res://scripts/main.gd:209)
       [4] _on_character_created (res://scripts/main.gd:194)
       [5] _bypass_character_creation (res://tests/bot/survival_bot.gd:196)
       [6] _ready (res://tests/bot/survival_bot.gd:118)
ERROR: Error calling from signal 'item_picked_up' to callable: 'Node(audio_manager.gd)::_on_item_picked_up': Cannot convert argument 2 from Object to Object.
   at: emit_signalp (core/object/object.cpp:1406)
   GDScript backtrace (most recent call first):
       [0] pick_up_item (res://scripts/entities/player.gd:1116)
       [1] _grant_starting_equipment (res://scripts/main.gd:367)
       [2] _spawn_player (res://scripts/main.gd:305)
       [3] _start_new_game (res://scripts/main.gd:209)
       [4] _on_character_created (res://scripts/main.gd:194)
       [5] _bypass_character_creation (res://tests/bot/survival_bot.gd:196)
       [6] _ready (res://tests/bot/survival_bot.gd:118)
ERROR: Error calling from signal 'item_picked_up' to callable: 'Node(audio_manager.gd)::_on_item_picked_up': Cannot convert argument 2 from Object to Object.
   at: emit_signalp (core/object/object.cpp:1406)
   GDScript backtrace (most recent call first):
       [0] pick_up_item (res://scripts/entities/player.gd:1116)
       [1] _grant_starting_equipment (res://scripts/main.gd:367)
       [2] _spawn_player (res://scripts/main.gd:305)
       [3] _start_new_game (res://scripts/main.gd:209)
       [4] _on_character_created (res://scripts/main.gd:194)
       [5] _bypass_character_creation (res://tests/bot/survival_bot.gd:196)
       [6] _ready (res://tests/bot/survival_bot.gd:118)
ERROR: Error calling from signal 'item_picked_up' to callable: 'Node(audio_manager.gd)::_on_item_picked_up': Cannot convert argument 2 from Object to Object.
   at: emit_signalp (core/object/object.cpp:1406)
   GDScript backtrace (most recent call first):
       [0] pick_up_item (res://scripts/entities/player.gd:1127)
       [1] _grant_starting_equipment (res://scripts/main.gd:367)
       [2] _spawn_player (res://scripts/main.gd:305)
       [3] _start_new_game (res://scripts/main.gd:209)
       [4] _on_character_created (res://scripts/main.gd:194)
       [5] _bypass_character_creation (res://tests/bot/survival_bot.gd:196)
       [6] _ready (res://tests/bot/survival_bot.gd:118)
[SURVIVAL BOT] Game started. Player: Necromancer | Depth: 1 | HP: 28/28 | Voice: 49/49
[SURVIVAL BOT] AbilitySystem: FOUND | Skills: ["stealth", "evasion", "lore", "melee"]

[SURVIVAL BOT] === FLOOR 1 ===
[SURVIVAL BOT] Learned ability: Disguise (-0 XP)
[SURVIVAL BOT] Learned ability: Assassination (-500 XP)
ERROR: Error calling from signal 'item_picked_up' to callable: 'Node(audio_manager.gd)::_on_item_picked_up': Cannot convert argument 2 from Object to Object.
   at: emit_signalp (core/object/object.cpp:1406)
   GDScript backtrace (most recent call first):
       [0] pick_up_item (res://scripts/entities/player.gd:1127)
       [1] _pickup_item (res://tests/bot/survival_bot.gd:839)
       [2] _decide_and_act (res://tests/bot/survival_bot.gd:491)
       [3] _run_floor_loop (res://tests/bot/survival_bot.gd:385)
ERROR: Error calling from signal 'item_equipped' to callable: 'Node(audio_manager.gd)::_on_item_equipped': Cannot convert argument 2 from Object to Object.
   at: emit_signalp (core/object/object.cpp:1406)
   GDScript backtrace (most recent call first):
       [0] equip_item (res://scripts/entities/player.gd:1188)
       [1] _try_auto_equip (res://tests/bot/survival_bot.gd:1387)
       [2] _pickup_item (res://tests/bot/survival_bot.gd:846)
       [3] _decide_and_act (res://tests/bot/survival_bot.gd:491)
       [4] _run_floor_loop (res://tests/bot/survival_bot.gd:385)
[SURVIVAL BOT] Descending stairs at depth 1...
Generating outer_pits (depth 2): rooms=11, size=4-10, corridors=1
set_tile: pos=(0, 0) tile=WALL atlas=(22, 0)
set_tile: pos=(1, 0) tile=WALL atlas=(22, 0)
set_tile: pos=(2, 0) tile=WALL atlas=(22, 0)
set_tile: pos=(3, 0) tile=WALL atlas=(22, 0)
set_tile: pos=(4, 0) tile=WALL atlas=(22, 0)
set_tile: pos=(5, 0) tile=WALL atlas=(22, 0)
set_tile: pos=(6, 0) tile=WALL atlas=(22, 0)
set_tile: pos=(7, 0) tile=WALL atlas=(22, 0)
set_tile: pos=(8, 0) tile=WALL atlas=(22, 0)
set_tile: pos=(9, 0) tile=WALL atlas=(22, 0)
Connectivity check failed: 776 reachable of 785 passable
Generation attempt 1 failed connectivity check, retrying...
Placed 3 door guards at depth 2
Scattered 47 terrain tiles at depth 2
Applied outer_pits decorations at depth 2
Placed 2 storytelling messages at depth 2
Post-decoration: carved 25-tile rescue corridor at depth 2
Spawned 13 monsters at depth 2
Spawned 8 items at depth 2
[FLOOR 1] Turns: 39 | Kills: 0 | Items: 1 | Damage: 0 | Healed: 0 | Errors: 0

[SURVIVAL BOT] === FLOOR 2 ===
ERROR: Error calling from signal 'item_picked_up' to callable: 'Node(audio_manager.gd)::_on_item_picked_up': Cannot convert argument 2 from Object to Object.
   at: emit_signalp (core/object/object.cpp:1406)
   GDScript backtrace (most recent call first):
       [0] pick_up_item (res://scripts/entities/player.gd:1127)
       [1] _pickup_item (res://tests/bot/survival_bot.gd:839)
       [2] _decide_and_act (res://tests/bot/survival_bot.gd:491)
       [3] _run_floor_loop (res://tests/bot/survival_bot.gd:385)
ERROR: Infinite loop detected. Check set_loops() description for more info.
   at: step (scene/animation/tween.cpp:406)
ERROR: Infinite loop detected. Check set_loops() description for more info.
   at: step (scene/animation/tween.cpp:406)
ERROR: Infinite loop detected. Check set_loops() description for more info.
   at: step (scene/animation/tween.cpp:406)
ERROR: Infinite loop detected. Check set_loops() description for more info.
   at: step (scene/animation/tween.cpp:406)
ERROR: Infinite loop detected. Check set_loops() description for more info.
   at: step (scene/animation/tween.cpp:406)
ERROR: Infinite loop detected. Check set_loops() description for more info.
   at: step (scene/animation/tween.cpp:406)
[SURVIVAL BOT] Stuck for 40 turns. Aborting floor.
[SURVIVAL BOT] Descending stairs at depth 2...
Generating outer_pits (depth 3): rooms=6, size=4-10, corridors=1
set_tile: pos=(0, 0) tile=WALL atlas=(22, 0)
set_tile: pos=(1, 0) tile=WALL atlas=(22, 0)
set_tile: pos=(2, 0) tile=WALL atlas=(22, 0)
set_tile: pos=(3, 0) tile=WALL atlas=(22, 0)
set_tile: pos=(4, 0) tile=WALL atlas=(22, 0)
set_tile: pos=(5, 0) tile=WALL atlas=(22, 0)
set_tile: pos=(6, 0) tile=WALL atlas=(22, 0)
set_tile: pos=(7, 0) tile=WALL atlas=(22, 0)
set_tile: pos=(8, 0) tile=WALL atlas=(22, 0)
set_tile: pos=(9, 0) tile=WALL atlas=(22, 0)
Scattered 18 terrain tiles at depth 3
Applied outer_pits decorations at depth 3
Placed 2 storytelling messages at depth 3
Post-decoration: carved 10-tile rescue corridor at depth 3
Post-decoration: relocated 1 monsters, 0 items from non-passable tiles
Spawned 8 monsters at depth 3
Spawned 5 items at depth 3
[FLOOR 2] Turns: 170 | Kills: 3 | Items: 1 | Damage: 21 | Healed: 0 | Errors: 1
  [ERROR] Stuck abort after 40 turns

[SURVIVAL BOT] === FLOOR 3 ===
ERROR: Error calling from signal 'item_picked_up' to callable: 'Node(audio_manager.gd)::_on_item_picked_up': Cannot convert argument 2 from Object to Object.
   at: emit_signalp (core/object/object.cpp:1406)
   GDScript backtrace (most recent call first):
       [0] pick_up_item (res://scripts/entities/player.gd:1127)
       [1] _pickup_item (res://tests/bot/survival_bot.gd:839)
       [2] _decide_and_act (res://tests/bot/survival_bot.gd:491)
       [3] _run_floor_loop (res://tests/bot/survival_bot.gd:385)
ERROR: Infinite loop detected. Check set_loops() description for more info.
   at: step (scene/animation/tween.cpp:406)
[SURVIVAL BOT] Turn limit reached on floor 3. Attempting emergency descent.
[SURVIVAL BOT] Descending stairs at depth 3...
Generating lower_halls (depth 4): rooms=10, size=4-12, corridors=1
set_tile: pos=(0, 0) tile=WALL atlas=(22, 0)
set_tile: pos=(1, 0) tile=WALL atlas=(22, 0)
set_tile: pos=(2, 0) tile=WALL atlas=(22, 0)
set_tile: pos=(3, 0) tile=WALL atlas=(22, 0)
set_tile: pos=(4, 0) tile=WALL atlas=(22, 0)
set_tile: pos=(5, 0) tile=WALL atlas=(22, 0)
set_tile: pos=(6, 0) tile=WALL atlas=(22, 0)
set_tile: pos=(7, 0) tile=WALL atlas=(22, 0)
set_tile: pos=(8, 0) tile=WALL atlas=(22, 0)
set_tile: pos=(9, 0) tile=WALL atlas=(22, 0)
Placed 2 door guards at depth 4
Scattered 91 terrain tiles at depth 4
Applied lower_halls decorations at depth 4
Placed 2 storytelling messages at depth 4
Spawned 17 monsters at depth 4
Spawned 8 items at depth 4
Spawned 2 lore objects at depth 4
[FLOOR 3] Turns: 233 | Kills: 2 | Items: 1 | Damage: 0 | Healed: 43 | Errors: 0

[SURVIVAL BOT] === FLOOR 4 ===
[SURVIVAL BOT] Descending stairs at depth 4...
Generating lower_halls (depth 5): rooms=13, size=4-12, corridors=1
set_tile: pos=(0, 0) tile=WALL atlas=(22, 0)
set_tile: pos=(1, 0) tile=WALL atlas=(22, 0)
set_tile: pos=(2, 0) tile=WALL atlas=(22, 0)
set_tile: pos=(3, 0) tile=WALL atlas=(22, 0)
set_tile: pos=(4, 0) tile=WALL atlas=(22, 0)
set_tile: pos=(5, 0) tile=WALL atlas=(22, 0)
set_tile: pos=(6, 0) tile=WALL atlas=(22, 0)
set_tile: pos=(7, 0) tile=WALL atlas=(22, 0)
set_tile: pos=(8, 0) tile=WALL atlas=(22, 0)
set_tile: pos=(9, 0) tile=WALL atlas=(22, 0)
Placed 2 door guards at depth 5
Scattered 106 terrain tiles at depth 5
Applied lower_halls decorations at depth 5
Placed 2 storytelling messages at depth 5
Spawned 24 monsters at depth 5
Spawned 11 items at depth 5
Spawned 3 lore objects at depth 5
[FLOOR 4] Turns: 14 | Kills: 0 | Items: 0 | Damage: 3 | Healed: 0 | Errors: 0

[SURVIVAL BOT] === FLOOR 5 ===
[FLOOR 5] Turns: 50 | Kills: 0 | Items: 0 | Damage: 23 | Healed: 0 | Errors: 0
JSON_RESULT:{"archetype":"STEALTH","deepest_floor":5,"outcome":"DEATH","per_floor_stats":[{"abilities_used":0,"auto_explore_uses":0,"damage_taken":0,"depth":1,"errors":[],"healing_done":0,"items_equipped":0,"items_found":1,"monsters_killed":0,"ranged_attacks":0,"turns_taken":39},{"abilities_used":0,"auto_explore_uses":0,"damage_taken":21,"depth":2,"errors":["Stuck abort after 40 turns"],"healing_done":0,"items_equipped":0,"items_found":1,"monsters_killed":3,"ranged_attacks":0,"turns_taken":170},{"abilities_used":0,"auto_explore_uses":0,"damage_taken":0,"depth":3,"errors":[],"healing_done":43,"items_equipped":0,"items_found":1,"monsters_killed":2,"ranged_attacks":0,"turns_taken":233},{"abilities_used":0,"auto_explore_uses":0,"damage_taken":3,"depth":4,"errors":[],"healing_done":0,"items_equipped":0,"items_found":0,"monsters_killed":0,"ranged_attacks":0,"turns_taken":14},{"abilities_used":0,"auto_explore_uses":0,"damage_taken":23,"depth":5,"errors":[],"healing_done":0,"items_equipped":0,"items_found":0,"monsters_killed":0,"ranged_attacks":0,"turns_taken":50}],"run_index":15,"seed":3851110741,"timestamp":"2026-02-08T14:02:14","total_abilities_learned":2,"total_abilities_used":0,"total_damage_taken":47,"total_errors":1,"total_forges_used":0,"total_healing_done":43,"total_items":3,"total_items_equipped":1,"total_kills":5,"total_ranged_attacks":0,"total_skills_bought":16,"total_songs_started":0,"total_stealth_toggles":14,"total_turns":574}

============================================================
=== SURVIVAL BOT RUN COMPLETE ===
============================================================
Floors cleared: 4/20
Deepest floor reached: 5
Total turns: 574
Total kills: 5
Total items: 3
Total damage taken: 47
Total healing done: 43
Abilities used: 0 | Ranged: 0 | Equipped: 1 | Forged: 0
Stealth toggles: 14 | Skills bought: 16 | Abilities learned: 2 | Songs: 0
Cause of end: DEATH
Errors encountered: 1

--- Per-Floor Breakdown ---
  Floor  1:  39 turns,  0 kills,  1 items,   0 dmg,   0 heal
  Floor  2: 170 turns,  3 kills,  1 items,  21 dmg,   0 heal [1 errors]
  Floor  3: 233 turns,  2 kills,  1 items,   0 dmg,  43 heal
  Floor  4:  14 turns,  0 kills,  0 items,   3 dmg,   0 heal
  Floor  5:  50 turns,  0 kills,  0 items,  23 dmg,   0 heal
============================================================

WARNING: 4 RIDs of type "CanvasItem" were leaked.
     at: _free_rids (servers/rendering/renderer_canvas_cull.cpp:2692)
WARNING: ObjectDB instances leaked at exit (run with --verbose for details).
     at: cleanup (core/object/object.cpp:2641)
ERROR: 5 resources still in use at exit (run with --verbose for details).
   at: clear (core/io/resource.cpp:810)
