Godot Engine v4.6.stable.official.89cea1439 - https://godotengine.org


======================================================================
  NECROMANCER GODOT - TEST RUNNER
======================================================================

Mode: Survival bot only

DataManager: Loading game data...
=== DataManager Validation ===
Loaded 88 monsters, 214 items, 104 artifacts, 93 abilities
Loaded 5 races, 12 houses, 20 traits, 96 vaults
WARNING: DataManager: Missing key monster: Morgoth, Lord of Darkness
     at: push_warning (core/variant/variant_utility.cpp:1034)
     GDScript backtrace (most recent call first):
         [0] _validate_data (res://scripts/core/data_manager.gd:994)
         [1] load_all_data (res://scripts/core/data_manager.gd:33)
         [2] _ready (res://scripts/core/data_manager.gd:20)
WARNING: DataManager: Missing key monster: Orc
     at: push_warning (core/variant/variant_utility.cpp:1034)
     GDScript backtrace (most recent call first):
         [0] _validate_data (res://scripts/core/data_manager.gd:994)
         [1] load_all_data (res://scripts/core/data_manager.gd:33)
         [2] _ready (res://scripts/core/data_manager.gd:20)
WARNING: DataManager: Missing key monster: Troll
     at: push_warning (core/variant/variant_utility.cpp:1034)
     GDScript backtrace (most recent call first):
         [0] _validate_data (res://scripts/core/data_manager.gd:994)
         [1] load_all_data (res://scripts/core/data_manager.gd:33)
         [2] _ready (res://scripts/core/data_manager.gd:20)
WARNING: DataManager: Missing key monster: Spider
     at: push_warning (core/variant/variant_utility.cpp:1034)
     GDScript backtrace (most recent call first):
         [0] _validate_data (res://scripts/core/data_manager.gd:994)
         [1] load_all_data (res://scripts/core/data_manager.gd:33)
         [2] _ready (res://scripts/core/data_manager.gd:20)
Validation completed with 4 warnings
==============================
=== TileMapper Initialized (DALL-E Terrain + DCSS Entities) ===
Grid: 32x32, Tile size: 64x64
Total tiles loaded: 459
Layer tile kits: 7 layers
──────────────────────────────────────────────────────────────────────
  SURVIVAL BOT
──────────────────────────────────────────────────────────────────────

[SURVIVAL BOT] Archetype: WARRIOR | Run: 16 | Seed: 1251084884

============================================================
[SURVIVAL BOT] Starting intelligent 20-floor auto-play...
[SURVIVAL BOT] Archetype: WARRIOR | Run: 16 | Seed: 1251084884
============================================================

[SURVIVAL BOT] Running full 20-floor playthrough... (will exit when complete)

[SURVIVAL BOT] Found Main node: Main
[SURVIVAL BOT] Bypassing character creation with: SurvivalBot-Warrior (Man Of Gondor)
Generating outer_pits (depth 1): rooms=10, size=4-10, corridors=1
set_tile: pos=(0, 0) tile=WALL atlas=(22, 0)
set_tile: pos=(1, 0) tile=WALL atlas=(22, 0)
set_tile: pos=(2, 0) tile=WALL atlas=(22, 0)
set_tile: pos=(3, 0) tile=WALL atlas=(22, 0)
set_tile: pos=(4, 0) tile=WALL atlas=(22, 0)
set_tile: pos=(5, 0) tile=WALL atlas=(22, 0)
set_tile: pos=(6, 0) tile=WALL atlas=(22, 0)
set_tile: pos=(7, 0) tile=WALL atlas=(22, 0)
set_tile: pos=(8, 0) tile=WALL atlas=(22, 0)
set_tile: pos=(9, 0) tile=WALL atlas=(22, 0)
Connectivity check failed: 1132 reachable of 1212 passable
Generation attempt 1 failed connectivity check, retrying...
Connectivity check failed: 1132 reachable of 1141 passable
Generation attempt 2 failed connectivity check, retrying...
Connectivity check failed: 929 reachable of 947 passable
Generation attempt 3 failed connectivity check, retrying...
Connectivity check failed: 49 reachable of 751 passable
Generation attempt 4 failed connectivity check, retrying...
Connectivity check failed: 926 reachable of 962 passable
Generation attempt 5 failed connectivity check, retrying...
Scattered 35 terrain tiles at depth 1
Applied outer_pits decorations at depth 1
Placed 3 storytelling messages at depth 1
Spawned 17 monsters at depth 1
Spawned 6 items at depth 1
ERROR: Error calling from signal 'item_picked_up' to callable: 'Node(audio_manager.gd)::_on_item_picked_up': Cannot convert argument 2 from Object to Object.
   at: emit_signalp (core/object/object.cpp:1406)
   GDScript backtrace (most recent call first):
       [0] pick_up_item (res://scripts/entities/player.gd:1127)
       [1] _grant_starting_equipment (res://scripts/main.gd:367)
       [2] _spawn_player (res://scripts/main.gd:305)
       [3] _start_new_game (res://scripts/main.gd:209)
       [4] _on_character_created (res://scripts/main.gd:194)
       [5] _bypass_character_creation (res://tests/bot/survival_bot.gd:196)
       [6] _ready (res://tests/bot/survival_bot.gd:118)
ERROR: Error calling from signal 'item_picked_up' to callable: 'Node(audio_manager.gd)::_on_item_picked_up': Cannot convert argument 2 from Object to Object.
   at: emit_signalp (core/object/object.cpp:1406)
   GDScript backtrace (most recent call first):
       [0] pick_up_item (res://scripts/entities/player.gd:1116)
       [1] _grant_starting_equipment (res://scripts/main.gd:367)
       [2] _spawn_player (res://scripts/main.gd:305)
       [3] _start_new_game (res://scripts/main.gd:209)
       [4] _on_character_created (res://scripts/main.gd:194)
       [5] _bypass_character_creation (res://tests/bot/survival_bot.gd:196)
       [6] _ready (res://tests/bot/survival_bot.gd:118)
ERROR: Error calling from signal 'item_picked_up' to callable: 'Node(audio_manager.gd)::_on_item_picked_up': Cannot convert argument 2 from Object to Object.
   at: emit_signalp (core/object/object.cpp:1406)
   GDScript backtrace (most recent call first):
       [0] pick_up_item (res://scripts/entities/player.gd:1116)
       [1] _grant_starting_equipment (res://scripts/main.gd:367)
       [2] _spawn_player (res://scripts/main.gd:305)
       [3] _start_new_game (res://scripts/main.gd:209)
       [4] _on_character_created (res://scripts/main.gd:194)
       [5] _bypass_character_creation (res://tests/bot/survival_bot.gd:196)
       [6] _ready (res://tests/bot/survival_bot.gd:118)
ERROR: Error calling from signal 'item_picked_up' to callable: 'Node(audio_manager.gd)::_on_item_picked_up': Cannot convert argument 2 from Object to Object.
   at: emit_signalp (core/object/object.cpp:1406)
   GDScript backtrace (most recent call first):
       [0] pick_up_item (res://scripts/entities/player.gd:1116)
       [1] _grant_starting_equipment (res://scripts/main.gd:367)
       [2] _spawn_player (res://scripts/main.gd:305)
       [3] _start_new_game (res://scripts/main.gd:209)
       [4] _on_character_created (res://scripts/main.gd:194)
       [5] _bypass_character_creation (res://tests/bot/survival_bot.gd:196)
       [6] _ready (res://tests/bot/survival_bot.gd:118)
ERROR: Error calling from signal 'item_picked_up' to callable: 'Node(audio_manager.gd)::_on_item_picked_up': Cannot convert argument 2 from Object to Object.
   at: emit_signalp (core/object/object.cpp:1406)
   GDScript backtrace (most recent call first):
       [0] pick_up_item (res://scripts/entities/player.gd:1116)
       [1] _grant_starting_equipment (res://scripts/main.gd:367)
       [2] _spawn_player (res://scripts/main.gd:305)
       [3] _start_new_game (res://scripts/main.gd:209)
       [4] _on_character_created (res://scripts/main.gd:194)
       [5] _bypass_character_creation (res://tests/bot/survival_bot.gd:196)
       [6] _ready (res://tests/bot/survival_bot.gd:118)
ERROR: Error calling from signal 'item_picked_up' to callable: 'Node(audio_manager.gd)::_on_item_picked_up': Cannot convert argument 2 from Object to Object.
   at: emit_signalp (core/object/object.cpp:1406)
   GDScript backtrace (most recent call first):
       [0] pick_up_item (res://scripts/entities/player.gd:1127)
       [1] _grant_starting_equipment (res://scripts/main.gd:367)
       [2] _spawn_player (res://scripts/main.gd:305)
       [3] _start_new_game (res://scripts/main.gd:209)
       [4] _on_character_created (res://scripts/main.gd:194)
       [5] _bypass_character_creation (res://tests/bot/survival_bot.gd:196)
       [6] _ready (res://tests/bot/survival_bot.gd:118)
ERROR: Error calling from signal 'item_picked_up' to callable: 'Node(audio_manager.gd)::_on_item_picked_up': Cannot convert argument 2 from Object to Object.
   at: emit_signalp (core/object/object.cpp:1406)
   GDScript backtrace (most recent call first):
       [0] pick_up_item (res://scripts/entities/player.gd:1116)
       [1] _grant_starting_equipment (res://scripts/main.gd:367)
       [2] _spawn_player (res://scripts/main.gd:305)
       [3] _start_new_game (res://scripts/main.gd:209)
       [4] _on_character_created (res://scripts/main.gd:194)
       [5] _bypass_character_creation (res://tests/bot/survival_bot.gd:196)
       [6] _ready (res://tests/bot/survival_bot.gd:118)
ERROR: Error calling from signal 'item_picked_up' to callable: 'Node(audio_manager.gd)::_on_item_picked_up': Cannot convert argument 2 from Object to Object.
   at: emit_signalp (core/object/object.cpp:1406)
   GDScript backtrace (most recent call first):
       [0] pick_up_item (res://scripts/entities/player.gd:1116)
       [1] _grant_starting_equipment (res://scripts/main.gd:367)
       [2] _spawn_player (res://scripts/main.gd:305)
       [3] _start_new_game (res://scripts/main.gd:209)
       [4] _on_character_created (res://scripts/main.gd:194)
       [5] _bypass_character_creation (res://tests/bot/survival_bot.gd:196)
       [6] _ready (res://tests/bot/survival_bot.gd:118)
ERROR: Error calling from signal 'item_picked_up' to callable: 'Node(audio_manager.gd)::_on_item_picked_up': Cannot convert argument 2 from Object to Object.
   at: emit_signalp (core/object/object.cpp:1406)
   GDScript backtrace (most recent call first):
       [0] pick_up_item (res://scripts/entities/player.gd:1116)
       [1] _grant_starting_equipment (res://scripts/main.gd:367)
       [2] _spawn_player (res://scripts/main.gd:305)
       [3] _start_new_game (res://scripts/main.gd:209)
       [4] _on_character_created (res://scripts/main.gd:194)
       [5] _bypass_character_creation (res://tests/bot/survival_bot.gd:196)
       [6] _ready (res://tests/bot/survival_bot.gd:118)
ERROR: Error calling from signal 'item_picked_up' to callable: 'Node(audio_manager.gd)::_on_item_picked_up': Cannot convert argument 2 from Object to Object.
   at: emit_signalp (core/object/object.cpp:1406)
   GDScript backtrace (most recent call first):
       [0] pick_up_item (res://scripts/entities/player.gd:1116)
       [1] _grant_starting_equipment (res://scripts/main.gd:367)
       [2] _spawn_player (res://scripts/main.gd:305)
       [3] _start_new_game (res://scripts/main.gd:209)
       [4] _on_character_created (res://scripts/main.gd:194)
       [5] _bypass_character_creation (res://tests/bot/survival_bot.gd:196)
       [6] _ready (res://tests/bot/survival_bot.gd:118)
ERROR: Error calling from signal 'item_picked_up' to callable: 'Node(audio_manager.gd)::_on_item_picked_up': Cannot convert argument 2 from Object to Object.
   at: emit_signalp (core/object/object.cpp:1406)
   GDScript backtrace (most recent call first):
       [0] pick_up_item (res://scripts/entities/player.gd:1116)
       [1] _grant_starting_equipment (res://scripts/main.gd:367)
       [2] _spawn_player (res://scripts/main.gd:305)
       [3] _start_new_game (res://scripts/main.gd:209)
       [4] _on_character_created (res://scripts/main.gd:194)
       [5] _bypass_character_creation (res://tests/bot/survival_bot.gd:196)
       [6] _ready (res://tests/bot/survival_bot.gd:118)
ERROR: Error calling from signal 'item_picked_up' to callable: 'Node(audio_manager.gd)::_on_item_picked_up': Cannot convert argument 2 from Object to Object.
   at: emit_signalp (core/object/object.cpp:1406)
   GDScript backtrace (most recent call first):
       [0] pick_up_item (res://scripts/entities/player.gd:1116)
       [1] _grant_starting_equipment (res://scripts/main.gd:367)
       [2] _spawn_player (res://scripts/main.gd:305)
       [3] _start_new_game (res://scripts/main.gd:209)
       [4] _on_character_created (res://scripts/main.gd:194)
       [5] _bypass_character_creation (res://tests/bot/survival_bot.gd:196)
       [6] _ready (res://tests/bot/survival_bot.gd:118)
ERROR: Error calling from signal 'item_picked_up' to callable: 'Node(audio_manager.gd)::_on_item_picked_up': Cannot convert argument 2 from Object to Object.
   at: emit_signalp (core/object/object.cpp:1406)
   GDScript backtrace (most recent call first):
       [0] pick_up_item (res://scripts/entities/player.gd:1116)
       [1] _grant_starting_equipment (res://scripts/main.gd:367)
       [2] _spawn_player (res://scripts/main.gd:305)
       [3] _start_new_game (res://scripts/main.gd:209)
       [4] _on_character_created (res://scripts/main.gd:194)
       [5] _bypass_character_creation (res://tests/bot/survival_bot.gd:196)
       [6] _ready (res://tests/bot/survival_bot.gd:118)
ERROR: Error calling from signal 'item_picked_up' to callable: 'Node(audio_manager.gd)::_on_item_picked_up': Cannot convert argument 2 from Object to Object.
   at: emit_signalp (core/object/object.cpp:1406)
   GDScript backtrace (most recent call first):
       [0] pick_up_item (res://scripts/entities/player.gd:1116)
       [1] _grant_starting_equipment (res://scripts/main.gd:367)
       [2] _spawn_player (res://scripts/main.gd:305)
       [3] _start_new_game (res://scripts/main.gd:209)
       [4] _on_character_created (res://scripts/main.gd:194)
       [5] _bypass_character_creation (res://tests/bot/survival_bot.gd:196)
       [6] _ready (res://tests/bot/survival_bot.gd:118)
ERROR: Error calling from signal 'item_picked_up' to callable: 'Node(audio_manager.gd)::_on_item_picked_up': Cannot convert argument 2 from Object to Object.
   at: emit_signalp (core/object/object.cpp:1406)
   GDScript backtrace (most recent call first):
       [0] pick_up_item (res://scripts/entities/player.gd:1116)
       [1] _grant_starting_equipment (res://scripts/main.gd:367)
       [2] _spawn_player (res://scripts/main.gd:305)
       [3] _start_new_game (res://scripts/main.gd:209)
       [4] _on_character_created (res://scripts/main.gd:194)
       [5] _bypass_character_creation (res://tests/bot/survival_bot.gd:196)
       [6] _ready (res://tests/bot/survival_bot.gd:118)
ERROR: Error calling from signal 'item_picked_up' to callable: 'Node(audio_manager.gd)::_on_item_picked_up': Cannot convert argument 2 from Object to Object.
   at: emit_signalp (core/object/object.cpp:1406)
   GDScript backtrace (most recent call first):
       [0] pick_up_item (res://scripts/entities/player.gd:1116)
       [1] _grant_starting_equipment (res://scripts/main.gd:367)
       [2] _spawn_player (res://scripts/main.gd:305)
       [3] _start_new_game (res://scripts/main.gd:209)
       [4] _on_character_created (res://scripts/main.gd:194)
       [5] _bypass_character_creation (res://tests/bot/survival_bot.gd:196)
       [6] _ready (res://tests/bot/survival_bot.gd:118)
ERROR: Error calling from signal 'item_picked_up' to callable: 'Node(audio_manager.gd)::_on_item_picked_up': Cannot convert argument 2 from Object to Object.
   at: emit_signalp (core/object/object.cpp:1406)
   GDScript backtrace (most recent call first):
       [0] pick_up_item (res://scripts/entities/player.gd:1116)
       [1] _grant_starting_equipment (res://scripts/main.gd:367)
       [2] _spawn_player (res://scripts/main.gd:305)
       [3] _start_new_game (res://scripts/main.gd:209)
       [4] _on_character_created (res://scripts/main.gd:194)
       [5] _bypass_character_creation (res://tests/bot/survival_bot.gd:196)
       [6] _ready (res://tests/bot/survival_bot.gd:118)
ERROR: Error calling from signal 'item_picked_up' to callable: 'Node(audio_manager.gd)::_on_item_picked_up': Cannot convert argument 2 from Object to Object.
   at: emit_signalp (core/object/object.cpp:1406)
   GDScript backtrace (most recent call first):
       [0] pick_up_item (res://scripts/entities/player.gd:1116)
       [1] _grant_starting_equipment (res://scripts/main.gd:367)
       [2] _spawn_player (res://scripts/main.gd:305)
       [3] _start_new_game (res://scripts/main.gd:209)
       [4] _on_character_created (res://scripts/main.gd:194)
       [5] _bypass_character_creation (res://tests/bot/survival_bot.gd:196)
       [6] _ready (res://tests/bot/survival_bot.gd:118)
ERROR: Error calling from signal 'item_picked_up' to callable: 'Node(audio_manager.gd)::_on_item_picked_up': Cannot convert argument 2 from Object to Object.
   at: emit_signalp (core/object/object.cpp:1406)
   GDScript backtrace (most recent call first):
       [0] pick_up_item (res://scripts/entities/player.gd:1116)
       [1] _grant_starting_equipment (res://scripts/main.gd:367)
       [2] _spawn_player (res://scripts/main.gd:305)
       [3] _start_new_game (res://scripts/main.gd:209)
       [4] _on_character_created (res://scripts/main.gd:194)
       [5] _bypass_character_creation (res://tests/bot/survival_bot.gd:196)
       [6] _ready (res://tests/bot/survival_bot.gd:118)
ERROR: Error calling from signal 'item_picked_up' to callable: 'Node(audio_manager.gd)::_on_item_picked_up': Cannot convert argument 2 from Object to Object.
   at: emit_signalp (core/object/object.cpp:1406)
   GDScript backtrace (most recent call first):
       [0] pick_up_item (res://scripts/entities/player.gd:1116)
       [1] _grant_starting_equipment (res://scripts/main.gd:367)
       [2] _spawn_player (res://scripts/main.gd:305)
       [3] _start_new_game (res://scripts/main.gd:209)
       [4] _on_character_created (res://scripts/main.gd:194)
       [5] _bypass_character_creation (res://tests/bot/survival_bot.gd:196)
       [6] _ready (res://tests/bot/survival_bot.gd:118)
ERROR: Error calling from signal 'item_picked_up' to callable: 'Node(audio_manager.gd)::_on_item_picked_up': Cannot convert argument 2 from Object to Object.
   at: emit_signalp (core/object/object.cpp:1406)
   GDScript backtrace (most recent call first):
       [0] pick_up_item (res://scripts/entities/player.gd:1116)
       [1] _grant_starting_equipment (res://scripts/main.gd:367)
       [2] _spawn_player (res://scripts/main.gd:305)
       [3] _start_new_game (res://scripts/main.gd:209)
       [4] _on_character_created (res://scripts/main.gd:194)
       [5] _bypass_character_creation (res://tests/bot/survival_bot.gd:196)
       [6] _ready (res://tests/bot/survival_bot.gd:118)
ERROR: Error calling from signal 'item_picked_up' to callable: 'Node(audio_manager.gd)::_on_item_picked_up': Cannot convert argument 2 from Object to Object.
   at: emit_signalp (core/object/object.cpp:1406)
   GDScript backtrace (most recent call first):
       [0] pick_up_item (res://scripts/entities/player.gd:1116)
       [1] _grant_starting_equipment (res://scripts/main.gd:367)
       [2] _spawn_player (res://scripts/main.gd:305)
       [3] _start_new_game (res://scripts/main.gd:209)
       [4] _on_character_created (res://scripts/main.gd:194)
       [5] _bypass_character_creation (res://tests/bot/survival_bot.gd:196)
       [6] _ready (res://tests/bot/survival_bot.gd:118)
ERROR: Error calling from signal 'item_picked_up' to callable: 'Node(audio_manager.gd)::_on_item_picked_up': Cannot convert argument 2 from Object to Object.
   at: emit_signalp (core/object/object.cpp:1406)
   GDScript backtrace (most recent call first):
       [0] pick_up_item (res://scripts/entities/player.gd:1116)
       [1] _grant_starting_equipment (res://scripts/main.gd:367)
       [2] _spawn_player (res://scripts/main.gd:305)
       [3] _start_new_game (res://scripts/main.gd:209)
       [4] _on_character_created (res://scripts/main.gd:194)
       [5] _bypass_character_creation (res://tests/bot/survival_bot.gd:196)
       [6] _ready (res://tests/bot/survival_bot.gd:118)
ERROR: Error calling from signal 'item_picked_up' to callable: 'Node(audio_manager.gd)::_on_item_picked_up': Cannot convert argument 2 from Object to Object.
   at: emit_signalp (core/object/object.cpp:1406)
   GDScript backtrace (most recent call first):
       [0] pick_up_item (res://scripts/entities/player.gd:1116)
       [1] _grant_starting_equipment (res://scripts/main.gd:367)
       [2] _spawn_player (res://scripts/main.gd:305)
       [3] _start_new_game (res://scripts/main.gd:209)
       [4] _on_character_created (res://scripts/main.gd:194)
       [5] _bypass_character_creation (res://tests/bot/survival_bot.gd:196)
       [6] _ready (res://tests/bot/survival_bot.gd:118)
ERROR: Error calling from signal 'item_picked_up' to callable: 'Node(audio_manager.gd)::_on_item_picked_up': Cannot convert argument 2 from Object to Object.
   at: emit_signalp (core/object/object.cpp:1406)
   GDScript backtrace (most recent call first):
       [0] pick_up_item (res://scripts/entities/player.gd:1116)
       [1] _grant_starting_equipment (res://scripts/main.gd:367)
       [2] _spawn_player (res://scripts/main.gd:305)
       [3] _start_new_game (res://scripts/main.gd:209)
       [4] _on_character_created (res://scripts/main.gd:194)
       [5] _bypass_character_creation (res://tests/bot/survival_bot.gd:196)
       [6] _ready (res://tests/bot/survival_bot.gd:118)
ERROR: Error calling from signal 'item_picked_up' to callable: 'Node(audio_manager.gd)::_on_item_picked_up': Cannot convert argument 2 from Object to Object.
   at: emit_signalp (core/object/object.cpp:1406)
   GDScript backtrace (most recent call first):
       [0] pick_up_item (res://scripts/entities/player.gd:1127)
       [1] _grant_starting_equipment (res://scripts/main.gd:367)
       [2] _spawn_player (res://scripts/main.gd:305)
       [3] _start_new_game (res://scripts/main.gd:209)
       [4] _on_character_created (res://scripts/main.gd:194)
       [5] _bypass_character_creation (res://tests/bot/survival_bot.gd:196)
       [6] _ready (res://tests/bot/survival_bot.gd:118)
ERROR: Error calling from signal 'item_picked_up' to callable: 'Node(audio_manager.gd)::_on_item_picked_up': Cannot convert argument 2 from Object to Object.
   at: emit_signalp (core/object/object.cpp:1406)
   GDScript backtrace (most recent call first):
       [0] pick_up_item (res://scripts/entities/player.gd:1116)
       [1] _grant_starting_equipment (res://scripts/main.gd:367)
       [2] _spawn_player (res://scripts/main.gd:305)
       [3] _start_new_game (res://scripts/main.gd:209)
       [4] _on_character_created (res://scripts/main.gd:194)
       [5] _bypass_character_creation (res://tests/bot/survival_bot.gd:196)
       [6] _ready (res://tests/bot/survival_bot.gd:118)
ERROR: Error calling from signal 'item_picked_up' to callable: 'Node(audio_manager.gd)::_on_item_picked_up': Cannot convert argument 2 from Object to Object.
   at: emit_signalp (core/object/object.cpp:1406)
   GDScript backtrace (most recent call first):
       [0] pick_up_item (res://scripts/entities/player.gd:1116)
       [1] _grant_starting_equipment (res://scripts/main.gd:367)
       [2] _spawn_player (res://scripts/main.gd:305)
       [3] _start_new_game (res://scripts/main.gd:209)
       [4] _on_character_created (res://scripts/main.gd:194)
       [5] _bypass_character_creation (res://tests/bot/survival_bot.gd:196)
       [6] _ready (res://tests/bot/survival_bot.gd:118)
ERROR: Error calling from signal 'item_picked_up' to callable: 'Node(audio_manager.gd)::_on_item_picked_up': Cannot convert argument 2 from Object to Object.
   at: emit_signalp (core/object/object.cpp:1406)
   GDScript backtrace (most recent call first):
       [0] pick_up_item (res://scripts/entities/player.gd:1116)
       [1] _grant_starting_equipment (res://scripts/main.gd:367)
       [2] _spawn_player (res://scripts/main.gd:305)
       [3] _start_new_game (res://scripts/main.gd:209)
       [4] _on_character_created (res://scripts/main.gd:194)
       [5] _bypass_character_creation (res://tests/bot/survival_bot.gd:196)
       [6] _ready (res://tests/bot/survival_bot.gd:118)
ERROR: Error calling from signal 'item_picked_up' to callable: 'Node(audio_manager.gd)::_on_item_picked_up': Cannot convert argument 2 from Object to Object.
   at: emit_signalp (core/object/object.cpp:1406)
   GDScript backtrace (most recent call first):
       [0] pick_up_item (res://scripts/entities/player.gd:1116)
       [1] _grant_starting_equipment (res://scripts/main.gd:367)
       [2] _spawn_player (res://scripts/main.gd:305)
       [3] _start_new_game (res://scripts/main.gd:209)
       [4] _on_character_created (res://scripts/main.gd:194)
       [5] _bypass_character_creation (res://tests/bot/survival_bot.gd:196)
       [6] _ready (res://tests/bot/survival_bot.gd:118)
ERROR: Error calling from signal 'item_picked_up' to callable: 'Node(audio_manager.gd)::_on_item_picked_up': Cannot convert argument 2 from Object to Object.
   at: emit_signalp (core/object/object.cpp:1406)
   GDScript backtrace (most recent call first):
       [0] pick_up_item (res://scripts/entities/player.gd:1116)
       [1] _grant_starting_equipment (res://scripts/main.gd:367)
       [2] _spawn_player (res://scripts/main.gd:305)
       [3] _start_new_game (res://scripts/main.gd:209)
       [4] _on_character_created (res://scripts/main.gd:194)
       [5] _bypass_character_creation (res://tests/bot/survival_bot.gd:196)
       [6] _ready (res://tests/bot/survival_bot.gd:118)
ERROR: Error calling from signal 'item_picked_up' to callable: 'Node(audio_manager.gd)::_on_item_picked_up': Cannot convert argument 2 from Object to Object.
   at: emit_signalp (core/object/object.cpp:1406)
   GDScript backtrace (most recent call first):
       [0] pick_up_item (res://scripts/entities/player.gd:1116)
       [1] _grant_starting_equipment (res://scripts/main.gd:367)
       [2] _spawn_player (res://scripts/main.gd:305)
       [3] _start_new_game (res://scripts/main.gd:209)
       [4] _on_character_created (res://scripts/main.gd:194)
       [5] _bypass_character_creation (res://tests/bot/survival_bot.gd:196)
       [6] _ready (res://tests/bot/survival_bot.gd:118)
ERROR: Error calling from signal 'item_picked_up' to callable: 'Node(audio_manager.gd)::_on_item_picked_up': Cannot convert argument 2 from Object to Object.
   at: emit_signalp (core/object/object.cpp:1406)
   GDScript backtrace (most recent call first):
       [0] pick_up_item (res://scripts/entities/player.gd:1127)
       [1] _grant_starting_equipment (res://scripts/main.gd:367)
       [2] _spawn_player (res://scripts/main.gd:305)
       [3] _start_new_game (res://scripts/main.gd:209)
       [4] _on_character_created (res://scripts/main.gd:194)
       [5] _bypass_character_creation (res://tests/bot/survival_bot.gd:196)
       [6] _ready (res://tests/bot/survival_bot.gd:118)
ERROR: Error calling from signal 'item_picked_up' to callable: 'Node(audio_manager.gd)::_on_item_picked_up': Cannot convert argument 2 from Object to Object.
   at: emit_signalp (core/object/object.cpp:1406)
   GDScript backtrace (most recent call first):
       [0] pick_up_item (res://scripts/entities/player.gd:1127)
       [1] _grant_starting_equipment (res://scripts/main.gd:367)
       [2] _spawn_player (res://scripts/main.gd:305)
       [3] _start_new_game (res://scripts/main.gd:209)
       [4] _on_character_created (res://scripts/main.gd:194)
       [5] _bypass_character_creation (res://tests/bot/survival_bot.gd:196)
       [6] _ready (res://tests/bot/survival_bot.gd:118)
ERROR: Error calling from signal 'item_picked_up' to callable: 'Node(audio_manager.gd)::_on_item_picked_up': Cannot convert argument 2 from Object to Object.
   at: emit_signalp (core/object/object.cpp:1406)
   GDScript backtrace (most recent call first):
       [0] pick_up_item (res://scripts/entities/player.gd:1127)
       [1] _grant_starting_equipment (res://scripts/main.gd:367)
       [2] _spawn_player (res://scripts/main.gd:305)
       [3] _start_new_game (res://scripts/main.gd:209)
       [4] _on_character_created (res://scripts/main.gd:194)
       [5] _bypass_character_creation (res://tests/bot/survival_bot.gd:196)
       [6] _ready (res://tests/bot/survival_bot.gd:118)
ERROR: Error calling from signal 'item_picked_up' to callable: 'Node(audio_manager.gd)::_on_item_picked_up': Cannot convert argument 2 from Object to Object.
   at: emit_signalp (core/object/object.cpp:1406)
   GDScript backtrace (most recent call first):
       [0] pick_up_item (res://scripts/entities/player.gd:1127)
       [1] _grant_starting_equipment (res://scripts/main.gd:367)
       [2] _spawn_player (res://scripts/main.gd:305)
       [3] _start_new_game (res://scripts/main.gd:209)
       [4] _on_character_created (res://scripts/main.gd:194)
       [5] _bypass_character_creation (res://tests/bot/survival_bot.gd:196)
       [6] _ready (res://tests/bot/survival_bot.gd:118)
ERROR: Error calling from signal 'item_picked_up' to callable: 'Node(audio_manager.gd)::_on_item_picked_up': Cannot convert argument 2 from Object to Object.
   at: emit_signalp (core/object/object.cpp:1406)
   GDScript backtrace (most recent call first):
       [0] pick_up_item (res://scripts/entities/player.gd:1127)
       [1] _grant_starting_equipment (res://scripts/main.gd:367)
       [2] _spawn_player (res://scripts/main.gd:305)
       [3] _start_new_game (res://scripts/main.gd:209)
       [4] _on_character_created (res://scripts/main.gd:194)
       [5] _bypass_character_creation (res://tests/bot/survival_bot.gd:196)
       [6] _ready (res://tests/bot/survival_bot.gd:118)
ERROR: Error calling from signal 'item_picked_up' to callable: 'Node(audio_manager.gd)::_on_item_picked_up': Cannot convert argument 2 from Object to Object.
   at: emit_signalp (core/object/object.cpp:1406)
   GDScript backtrace (most recent call first):
       [0] pick_up_item (res://scripts/entities/player.gd:1127)
       [1] _grant_starting_equipment (res://scripts/main.gd:367)
       [2] _spawn_player (res://scripts/main.gd:305)
       [3] _start_new_game (res://scripts/main.gd:209)
       [4] _on_character_created (res://scripts/main.gd:194)
       [5] _bypass_character_creation (res://tests/bot/survival_bot.gd:196)
       [6] _ready (res://tests/bot/survival_bot.gd:118)
ERROR: Error calling from signal 'item_picked_up' to callable: 'Node(audio_manager.gd)::_on_item_picked_up': Cannot convert argument 2 from Object to Object.
   at: emit_signalp (core/object/object.cpp:1406)
   GDScript backtrace (most recent call first):
       [0] pick_up_item (res://scripts/entities/player.gd:1127)
       [1] _grant_starting_equipment (res://scripts/main.gd:367)
       [2] _spawn_player (res://scripts/main.gd:305)
       [3] _start_new_game (res://scripts/main.gd:209)
       [4] _on_character_created (res://scripts/main.gd:194)
       [5] _bypass_character_creation (res://tests/bot/survival_bot.gd:196)
       [6] _ready (res://tests/bot/survival_bot.gd:118)
ERROR: Error calling from signal 'item_picked_up' to callable: 'Node(audio_manager.gd)::_on_item_picked_up': Cannot convert argument 2 from Object to Object.
   at: emit_signalp (core/object/object.cpp:1406)
   GDScript backtrace (most recent call first):
       [0] pick_up_item (res://scripts/entities/player.gd:1127)
       [1] _grant_starting_equipment (res://scripts/main.gd:367)
       [2] _spawn_player (res://scripts/main.gd:305)
       [3] _start_new_game (res://scripts/main.gd:209)
       [4] _on_character_created (res://scripts/main.gd:194)
       [5] _bypass_character_creation (res://tests/bot/survival_bot.gd:196)
       [6] _ready (res://tests/bot/survival_bot.gd:118)
[SURVIVAL BOT] Game started. Player: Necromancer | Depth: 1 | HP: 59/59 | Voice: 20/20
[SURVIVAL BOT] AbilitySystem: FOUND | Skills: ["melee", "evasion", "will", "stealth"]

[SURVIVAL BOT] === FLOOR 1 ===
[SURVIVAL BOT] Learned ability: Power (-0 XP)
[SURVIVAL BOT] Learned ability: Finesse (-500 XP)
[SURVIVAL BOT] Descending stairs at depth 1...
Generating outer_pits (depth 2): rooms=9, size=4-10, corridors=1
set_tile: pos=(0, 0) tile=WALL atlas=(22, 0)
set_tile: pos=(1, 0) tile=WALL atlas=(22, 0)
set_tile: pos=(2, 0) tile=WALL atlas=(22, 0)
set_tile: pos=(3, 0) tile=WALL atlas=(22, 0)
set_tile: pos=(4, 0) tile=WALL atlas=(22, 0)
set_tile: pos=(5, 0) tile=WALL atlas=(22, 0)
set_tile: pos=(6, 0) tile=WALL atlas=(22, 0)
set_tile: pos=(7, 0) tile=WALL atlas=(22, 0)
set_tile: pos=(8, 0) tile=WALL atlas=(22, 0)
set_tile: pos=(9, 0) tile=WALL atlas=(22, 0)
Placed 4 door guards at depth 2
Scattered 22 terrain tiles at depth 2
Applied outer_pits decorations at depth 2
Placed 2 storytelling messages at depth 2
Post-decoration: carved 19-tile rescue corridor at depth 2
Spawned 13 monsters at depth 2
Spawned 6 items at depth 2
[FLOOR 1] Turns: 9 | Kills: 0 | Items: 0 | Damage: 0 | Healed: 0 | Errors: 0

[SURVIVAL BOT] === FLOOR 2 ===
ERROR: Infinite loop detected. Check set_loops() description for more info.
   at: step (scene/animation/tween.cpp:406)
[SURVIVAL BOT] Descending stairs at depth 2...
Generating outer_pits (depth 3): rooms=6, size=4-10, corridors=1
set_tile: pos=(0, 0) tile=WALL atlas=(22, 0)
set_tile: pos=(1, 0) tile=WALL atlas=(22, 0)
set_tile: pos=(2, 0) tile=WALL atlas=(22, 0)
set_tile: pos=(3, 0) tile=WALL atlas=(22, 0)
set_tile: pos=(4, 0) tile=WALL atlas=(22, 0)
set_tile: pos=(5, 0) tile=WALL atlas=(22, 0)
set_tile: pos=(6, 0) tile=WALL atlas=(22, 0)
set_tile: pos=(7, 0) tile=WALL atlas=(22, 0)
set_tile: pos=(8, 0) tile=WALL atlas=(22, 0)
set_tile: pos=(9, 0) tile=WALL atlas=(22, 0)
Placed transition vault 200 at depth 3
Placed 3 door guards at depth 3
Scattered 30 terrain tiles at depth 3
Applied outer_pits decorations at depth 3
Placed 3 storytelling messages at depth 3
Post-decoration: carved 11-tile rescue corridor at depth 3
Spawned 9 monsters at depth 3
Spawned 8 items at depth 3
[FLOOR 2] Turns: 79 | Kills: 4 | Items: 0 | Damage: 11 | Healed: 12 | Errors: 0

[SURVIVAL BOT] === FLOOR 3 ===
ERROR: Infinite loop detected. Check set_loops() description for more info.
   at: step (scene/animation/tween.cpp:406)
ERROR: Infinite loop detected. Check set_loops() description for more info.
   at: step (scene/animation/tween.cpp:406)
ERROR: Infinite loop detected. Check set_loops() description for more info.
   at: step (scene/animation/tween.cpp:406)
ERROR: Infinite loop detected. Check set_loops() description for more info.
   at: step (scene/animation/tween.cpp:406)
ERROR: Infinite loop detected. Check set_loops() description for more info.
   at: step (scene/animation/tween.cpp:406)
ERROR: Infinite loop detected. Check set_loops() description for more info.
   at: step (scene/animation/tween.cpp:406)
[SURVIVAL BOT] Turn limit reached on floor 3. Attempting emergency descent.
[SURVIVAL BOT] Descending stairs at depth 3...
Generating lower_halls (depth 4): rooms=14, size=4-12, corridors=1
set_tile: pos=(0, 0) tile=WALL atlas=(22, 0)
set_tile: pos=(1, 0) tile=WALL atlas=(22, 0)
set_tile: pos=(2, 0) tile=WALL atlas=(22, 0)
set_tile: pos=(3, 0) tile=WALL atlas=(22, 0)
set_tile: pos=(4, 0) tile=WALL atlas=(22, 0)
set_tile: pos=(5, 0) tile=WALL atlas=(22, 0)
set_tile: pos=(6, 0) tile=WALL atlas=(22, 0)
set_tile: pos=(7, 0) tile=WALL atlas=(22, 0)
set_tile: pos=(8, 0) tile=WALL atlas=(22, 0)
set_tile: pos=(9, 0) tile=WALL atlas=(22, 0)
Placed 2 door guards at depth 4
Scattered 161 terrain tiles at depth 4
Applied lower_halls decorations at depth 4
Placed 2 storytelling messages at depth 4
Spawned 15 monsters at depth 4
Spawned 8 items at depth 4
Spawned 2 lore objects at depth 4
[FLOOR 3] Turns: 240 | Kills: 9 | Items: 0 | Damage: 6 | Healed: 37 | Errors: 0

[SURVIVAL BOT] === FLOOR 4 ===
ERROR: Infinite loop detected. Check set_loops() description for more info.
   at: step (scene/animation/tween.cpp:406)
ERROR: Infinite loop detected. Check set_loops() description for more info.
   at: step (scene/animation/tween.cpp:406)
[FLOOR 4] Turns: 101 | Kills: 2 | Items: 0 | Damage: 43 | Healed: 12 | Errors: 0
JSON_RESULT:{"archetype":"WARRIOR","deepest_floor":4,"outcome":"DEATH","per_floor_stats":[{"abilities_used":0,"auto_explore_uses":0,"damage_taken":0,"depth":1,"errors":[],"healing_done":0,"items_equipped":0,"items_found":0,"monsters_killed":0,"ranged_attacks":0,"turns_taken":9},{"abilities_used":0,"auto_explore_uses":0,"damage_taken":11,"depth":2,"errors":[],"healing_done":12,"items_equipped":0,"items_found":0,"monsters_killed":4,"ranged_attacks":0,"turns_taken":79},{"abilities_used":0,"auto_explore_uses":0,"damage_taken":6,"depth":3,"errors":[],"healing_done":37,"items_equipped":0,"items_found":0,"monsters_killed":9,"ranged_attacks":0,"turns_taken":240},{"abilities_used":0,"auto_explore_uses":0,"damage_taken":43,"depth":4,"errors":[],"healing_done":12,"items_equipped":0,"items_found":0,"monsters_killed":2,"ranged_attacks":0,"turns_taken":101}],"run_index":16,"seed":1251084884,"timestamp":"2026-02-08T14:00:42","total_abilities_learned":2,"total_abilities_used":0,"total_damage_taken":60,"total_errors":0,"total_forges_used":0,"total_healing_done":61,"total_items":0,"total_items_equipped":0,"total_kills":15,"total_ranged_attacks":0,"total_skills_bought":16,"total_songs_started":0,"total_stealth_toggles":2,"total_turns":438}

============================================================
=== SURVIVAL BOT RUN COMPLETE ===
============================================================
Floors cleared: 3/20
Deepest floor reached: 4
Total turns: 438
Total kills: 15
Total items: 0
Total damage taken: 60
Total healing done: 61
Abilities used: 0 | Ranged: 0 | Equipped: 0 | Forged: 0
Stealth toggles: 2 | Skills bought: 16 | Abilities learned: 2 | Songs: 0
Cause of end: DEATH
Errors encountered: 0

--- Per-Floor Breakdown ---
  Floor  1:   9 turns,  0 kills,  0 items,   0 dmg,   0 heal
  Floor  2:  79 turns,  4 kills,  0 items,  11 dmg,  12 heal
  Floor  3: 240 turns,  9 kills,  0 items,   6 dmg,  37 heal
  Floor  4: 101 turns,  2 kills,  0 items,  43 dmg,  12 heal
============================================================

WARNING: 4 RIDs of type "CanvasItem" were leaked.
     at: _free_rids (servers/rendering/renderer_canvas_cull.cpp:2692)
WARNING: ObjectDB instances leaked at exit (run with --verbose for details).
     at: cleanup (core/object/object.cpp:2641)
ERROR: 6 resources still in use at exit (run with --verbose for details).
   at: clear (core/io/resource.cpp:810)
