Godot Engine v4.6.stable.official.89cea1439 - https://godotengine.org


======================================================================
  NECROMANCER GODOT - TEST RUNNER
======================================================================

Mode: Survival bot only

DataManager: Loading game data...
=== DataManager Validation ===
Loaded 88 monsters, 214 items, 104 artifacts, 93 abilities
Loaded 5 races, 12 houses, 20 traits, 96 vaults
WARNING: DataManager: Missing key monster: Morgoth, Lord of Darkness
     at: push_warning (core/variant/variant_utility.cpp:1034)
     GDScript backtrace (most recent call first):
         [0] _validate_data (res://scripts/core/data_manager.gd:994)
         [1] load_all_data (res://scripts/core/data_manager.gd:33)
         [2] _ready (res://scripts/core/data_manager.gd:20)
WARNING: DataManager: Missing key monster: Orc
     at: push_warning (core/variant/variant_utility.cpp:1034)
     GDScript backtrace (most recent call first):
         [0] _validate_data (res://scripts/core/data_manager.gd:994)
         [1] load_all_data (res://scripts/core/data_manager.gd:33)
         [2] _ready (res://scripts/core/data_manager.gd:20)
WARNING: DataManager: Missing key monster: Troll
     at: push_warning (core/variant/variant_utility.cpp:1034)
     GDScript backtrace (most recent call first):
         [0] _validate_data (res://scripts/core/data_manager.gd:994)
         [1] load_all_data (res://scripts/core/data_manager.gd:33)
         [2] _ready (res://scripts/core/data_manager.gd:20)
WARNING: DataManager: Missing key monster: Spider
     at: push_warning (core/variant/variant_utility.cpp:1034)
     GDScript backtrace (most recent call first):
         [0] _validate_data (res://scripts/core/data_manager.gd:994)
         [1] load_all_data (res://scripts/core/data_manager.gd:33)
         [2] _ready (res://scripts/core/data_manager.gd:20)
Validation completed with 4 warnings
==============================
=== TileMapper Initialized (DALL-E Terrain + DCSS Entities) ===
Grid: 32x32, Tile size: 64x64
Total tiles loaded: 459
Layer tile kits: 7 layers
──────────────────────────────────────────────────────────────────────
  SURVIVAL BOT
──────────────────────────────────────────────────────────────────────

[SURVIVAL BOT] Archetype: LORE_MAGE | Run: 43 | Seed: 687058960

============================================================
[SURVIVAL BOT] Starting intelligent 20-floor auto-play...
[SURVIVAL BOT] Archetype: LORE_MAGE | Run: 43 | Seed: 687058960
============================================================

[SURVIVAL BOT] Running full 20-floor playthrough... (will exit when complete)

[SURVIVAL BOT] Found Main node: Main
[SURVIVAL BOT] Bypassing character creation with: SurvivalBot-LoreMage (Elf Of Lothlorien)
Generating outer_pits (depth 1): rooms=8, size=4-10, corridors=1
set_tile: pos=(0, 0) tile=WALL atlas=(22, 0)
set_tile: pos=(1, 0) tile=WALL atlas=(22, 0)
set_tile: pos=(2, 0) tile=WALL atlas=(22, 0)
set_tile: pos=(3, 0) tile=WALL atlas=(22, 0)
set_tile: pos=(4, 0) tile=WALL atlas=(22, 0)
set_tile: pos=(5, 0) tile=WALL atlas=(22, 0)
set_tile: pos=(6, 0) tile=WALL atlas=(22, 0)
set_tile: pos=(7, 0) tile=WALL atlas=(22, 0)
set_tile: pos=(8, 0) tile=WALL atlas=(22, 0)
set_tile: pos=(9, 0) tile=WALL atlas=(22, 0)
Connectivity check failed: 29 reachable of 632 passable
Generation attempt 1 failed connectivity check, retrying...
Placed 4 door guards at depth 1
Scattered 25 terrain tiles at depth 1
Applied outer_pits decorations at depth 1
Placed 2 storytelling messages at depth 1
Spawned 15 monsters at depth 1
Spawned 7 items at depth 1
ERROR: Error calling from signal 'item_picked_up' to callable: 'Node(audio_manager.gd)::_on_item_picked_up': Cannot convert argument 2 from Object to Object.
   at: emit_signalp (core/object/object.cpp:1406)
   GDScript backtrace (most recent call first):
       [0] pick_up_item (res://scripts/entities/player.gd:1127)
       [1] _grant_starting_equipment (res://scripts/main.gd:367)
       [2] _spawn_player (res://scripts/main.gd:305)
       [3] _start_new_game (res://scripts/main.gd:209)
       [4] _on_character_created (res://scripts/main.gd:194)
       [5] _bypass_character_creation (res://tests/bot/survival_bot.gd:225)
       [6] _ready (res://tests/bot/survival_bot.gd:147)
ERROR: Error calling from signal 'item_picked_up' to callable: 'Node(audio_manager.gd)::_on_item_picked_up': Cannot convert argument 2 from Object to Object.
   at: emit_signalp (core/object/object.cpp:1406)
   GDScript backtrace (most recent call first):
       [0] pick_up_item (res://scripts/entities/player.gd:1116)
       [1] _grant_starting_equipment (res://scripts/main.gd:367)
       [2] _spawn_player (res://scripts/main.gd:305)
       [3] _start_new_game (res://scripts/main.gd:209)
       [4] _on_character_created (res://scripts/main.gd:194)
       [5] _bypass_character_creation (res://tests/bot/survival_bot.gd:225)
       [6] _ready (res://tests/bot/survival_bot.gd:147)
ERROR: Error calling from signal 'item_picked_up' to callable: 'Node(audio_manager.gd)::_on_item_picked_up': Cannot convert argument 2 from Object to Object.
   at: emit_signalp (core/object/object.cpp:1406)
   GDScript backtrace (most recent call first):
       [0] pick_up_item (res://scripts/entities/player.gd:1116)
       [1] _grant_starting_equipment (res://scripts/main.gd:367)
       [2] _spawn_player (res://scripts/main.gd:305)
       [3] _start_new_game (res://scripts/main.gd:209)
       [4] _on_character_created (res://scripts/main.gd:194)
       [5] _bypass_character_creation (res://tests/bot/survival_bot.gd:225)
       [6] _ready (res://tests/bot/survival_bot.gd:147)
ERROR: Error calling from signal 'item_picked_up' to callable: 'Node(audio_manager.gd)::_on_item_picked_up': Cannot convert argument 2 from Object to Object.
   at: emit_signalp (core/object/object.cpp:1406)
   GDScript backtrace (most recent call first):
       [0] pick_up_item (res://scripts/entities/player.gd:1127)
       [1] _grant_starting_equipment (res://scripts/main.gd:367)
       [2] _spawn_player (res://scripts/main.gd:305)
       [3] _start_new_game (res://scripts/main.gd:209)
       [4] _on_character_created (res://scripts/main.gd:194)
       [5] _bypass_character_creation (res://tests/bot/survival_bot.gd:225)
       [6] _ready (res://tests/bot/survival_bot.gd:147)
ERROR: Error calling from signal 'item_picked_up' to callable: 'Node(audio_manager.gd)::_on_item_picked_up': Cannot convert argument 2 from Object to Object.
   at: emit_signalp (core/object/object.cpp:1406)
   GDScript backtrace (most recent call first):
       [0] pick_up_item (res://scripts/entities/player.gd:1116)
       [1] _grant_starting_equipment (res://scripts/main.gd:367)
       [2] _spawn_player (res://scripts/main.gd:305)
       [3] _start_new_game (res://scripts/main.gd:209)
       [4] _on_character_created (res://scripts/main.gd:194)
       [5] _bypass_character_creation (res://tests/bot/survival_bot.gd:225)
       [6] _ready (res://tests/bot/survival_bot.gd:147)
ERROR: Error calling from signal 'item_picked_up' to callable: 'Node(audio_manager.gd)::_on_item_picked_up': Cannot convert argument 2 from Object to Object.
   at: emit_signalp (core/object/object.cpp:1406)
   GDScript backtrace (most recent call first):
       [0] pick_up_item (res://scripts/entities/player.gd:1116)
       [1] _grant_starting_equipment (res://scripts/main.gd:367)
       [2] _spawn_player (res://scripts/main.gd:305)
       [3] _start_new_game (res://scripts/main.gd:209)
       [4] _on_character_created (res://scripts/main.gd:194)
       [5] _bypass_character_creation (res://tests/bot/survival_bot.gd:225)
       [6] _ready (res://tests/bot/survival_bot.gd:147)
ERROR: Error calling from signal 'item_picked_up' to callable: 'Node(audio_manager.gd)::_on_item_picked_up': Cannot convert argument 2 from Object to Object.
   at: emit_signalp (core/object/object.cpp:1406)
   GDScript backtrace (most recent call first):
       [0] pick_up_item (res://scripts/entities/player.gd:1116)
       [1] _grant_starting_equipment (res://scripts/main.gd:367)
       [2] _spawn_player (res://scripts/main.gd:305)
       [3] _start_new_game (res://scripts/main.gd:209)
       [4] _on_character_created (res://scripts/main.gd:194)
       [5] _bypass_character_creation (res://tests/bot/survival_bot.gd:225)
       [6] _ready (res://tests/bot/survival_bot.gd:147)
ERROR: Error calling from signal 'item_picked_up' to callable: 'Node(audio_manager.gd)::_on_item_picked_up': Cannot convert argument 2 from Object to Object.
   at: emit_signalp (core/object/object.cpp:1406)
   GDScript backtrace (most recent call first):
       [0] pick_up_item (res://scripts/entities/player.gd:1116)
       [1] _grant_starting_equipment (res://scripts/main.gd:367)
       [2] _spawn_player (res://scripts/main.gd:305)
       [3] _start_new_game (res://scripts/main.gd:209)
       [4] _on_character_created (res://scripts/main.gd:194)
       [5] _bypass_character_creation (res://tests/bot/survival_bot.gd:225)
       [6] _ready (res://tests/bot/survival_bot.gd:147)
ERROR: Error calling from signal 'item_picked_up' to callable: 'Node(audio_manager.gd)::_on_item_picked_up': Cannot convert argument 2 from Object to Object.
   at: emit_signalp (core/object/object.cpp:1406)
   GDScript backtrace (most recent call first):
       [0] pick_up_item (res://scripts/entities/player.gd:1116)
       [1] _grant_starting_equipment (res://scripts/main.gd:367)
       [2] _spawn_player (res://scripts/main.gd:305)
       [3] _start_new_game (res://scripts/main.gd:209)
       [4] _on_character_created (res://scripts/main.gd:194)
       [5] _bypass_character_creation (res://tests/bot/survival_bot.gd:225)
       [6] _ready (res://tests/bot/survival_bot.gd:147)
ERROR: Error calling from signal 'item_picked_up' to callable: 'Node(audio_manager.gd)::_on_item_picked_up': Cannot convert argument 2 from Object to Object.
   at: emit_signalp (core/object/object.cpp:1406)
   GDScript backtrace (most recent call first):
       [0] pick_up_item (res://scripts/entities/player.gd:1116)
       [1] _grant_starting_equipment (res://scripts/main.gd:367)
       [2] _spawn_player (res://scripts/main.gd:305)
       [3] _start_new_game (res://scripts/main.gd:209)
       [4] _on_character_created (res://scripts/main.gd:194)
       [5] _bypass_character_creation (res://tests/bot/survival_bot.gd:225)
       [6] _ready (res://tests/bot/survival_bot.gd:147)
ERROR: Error calling from signal 'item_picked_up' to callable: 'Node(audio_manager.gd)::_on_item_picked_up': Cannot convert argument 2 from Object to Object.
   at: emit_signalp (core/object/object.cpp:1406)
   GDScript backtrace (most recent call first):
       [0] pick_up_item (res://scripts/entities/player.gd:1116)
       [1] _grant_starting_equipment (res://scripts/main.gd:367)
       [2] _spawn_player (res://scripts/main.gd:305)
       [3] _start_new_game (res://scripts/main.gd:209)
       [4] _on_character_created (res://scripts/main.gd:194)
       [5] _bypass_character_creation (res://tests/bot/survival_bot.gd:225)
       [6] _ready (res://tests/bot/survival_bot.gd:147)
ERROR: Error calling from signal 'item_picked_up' to callable: 'Node(audio_manager.gd)::_on_item_picked_up': Cannot convert argument 2 from Object to Object.
   at: emit_signalp (core/object/object.cpp:1406)
   GDScript backtrace (most recent call first):
       [0] pick_up_item (res://scripts/entities/player.gd:1116)
       [1] _grant_starting_equipment (res://scripts/main.gd:367)
       [2] _spawn_player (res://scripts/main.gd:305)
       [3] _start_new_game (res://scripts/main.gd:209)
       [4] _on_character_created (res://scripts/main.gd:194)
       [5] _bypass_character_creation (res://tests/bot/survival_bot.gd:225)
       [6] _ready (res://tests/bot/survival_bot.gd:147)
ERROR: Error calling from signal 'item_picked_up' to callable: 'Node(audio_manager.gd)::_on_item_picked_up': Cannot convert argument 2 from Object to Object.
   at: emit_signalp (core/object/object.cpp:1406)
   GDScript backtrace (most recent call first):
       [0] pick_up_item (res://scripts/entities/player.gd:1116)
       [1] _grant_starting_equipment (res://scripts/main.gd:367)
       [2] _spawn_player (res://scripts/main.gd:305)
       [3] _start_new_game (res://scripts/main.gd:209)
       [4] _on_character_created (res://scripts/main.gd:194)
       [5] _bypass_character_creation (res://tests/bot/survival_bot.gd:225)
       [6] _ready (res://tests/bot/survival_bot.gd:147)
ERROR: Error calling from signal 'item_picked_up' to callable: 'Node(audio_manager.gd)::_on_item_picked_up': Cannot convert argument 2 from Object to Object.
   at: emit_signalp (core/object/object.cpp:1406)
   GDScript backtrace (most recent call first):
       [0] pick_up_item (res://scripts/entities/player.gd:1116)
       [1] _grant_starting_equipment (res://scripts/main.gd:367)
       [2] _spawn_player (res://scripts/main.gd:305)
       [3] _start_new_game (res://scripts/main.gd:209)
       [4] _on_character_created (res://scripts/main.gd:194)
       [5] _bypass_character_creation (res://tests/bot/survival_bot.gd:225)
       [6] _ready (res://tests/bot/survival_bot.gd:147)
ERROR: Error calling from signal 'item_picked_up' to callable: 'Node(audio_manager.gd)::_on_item_picked_up': Cannot convert argument 2 from Object to Object.
   at: emit_signalp (core/object/object.cpp:1406)
   GDScript backtrace (most recent call first):
       [0] pick_up_item (res://scripts/entities/player.gd:1116)
       [1] _grant_starting_equipment (res://scripts/main.gd:367)
       [2] _spawn_player (res://scripts/main.gd:305)
       [3] _start_new_game (res://scripts/main.gd:209)
       [4] _on_character_created (res://scripts/main.gd:194)
       [5] _bypass_character_creation (res://tests/bot/survival_bot.gd:225)
       [6] _ready (res://tests/bot/survival_bot.gd:147)
ERROR: Error calling from signal 'item_picked_up' to callable: 'Node(audio_manager.gd)::_on_item_picked_up': Cannot convert argument 2 from Object to Object.
   at: emit_signalp (core/object/object.cpp:1406)
   GDScript backtrace (most recent call first):
       [0] pick_up_item (res://scripts/entities/player.gd:1127)
       [1] _grant_starting_equipment (res://scripts/main.gd:367)
       [2] _spawn_player (res://scripts/main.gd:305)
       [3] _start_new_game (res://scripts/main.gd:209)
       [4] _on_character_created (res://scripts/main.gd:194)
       [5] _bypass_character_creation (res://tests/bot/survival_bot.gd:225)
       [6] _ready (res://tests/bot/survival_bot.gd:147)
ERROR: Error calling from signal 'item_picked_up' to callable: 'Node(audio_manager.gd)::_on_item_picked_up': Cannot convert argument 2 from Object to Object.
   at: emit_signalp (core/object/object.cpp:1406)
   GDScript backtrace (most recent call first):
       [0] pick_up_item (res://scripts/entities/player.gd:1127)
       [1] _grant_starting_equipment (res://scripts/main.gd:367)
       [2] _spawn_player (res://scripts/main.gd:305)
       [3] _start_new_game (res://scripts/main.gd:209)
       [4] _on_character_created (res://scripts/main.gd:194)
       [5] _bypass_character_creation (res://tests/bot/survival_bot.gd:225)
       [6] _ready (res://tests/bot/survival_bot.gd:147)
ERROR: Error calling from signal 'item_picked_up' to callable: 'Node(audio_manager.gd)::_on_item_picked_up': Cannot convert argument 2 from Object to Object.
   at: emit_signalp (core/object/object.cpp:1406)
   GDScript backtrace (most recent call first):
       [0] pick_up_item (res://scripts/entities/player.gd:1127)
       [1] _grant_starting_equipment (res://scripts/main.gd:367)
       [2] _spawn_player (res://scripts/main.gd:305)
       [3] _start_new_game (res://scripts/main.gd:209)
       [4] _on_character_created (res://scripts/main.gd:194)
       [5] _bypass_character_creation (res://tests/bot/survival_bot.gd:225)
       [6] _ready (res://tests/bot/survival_bot.gd:147)
ERROR: Error calling from signal 'item_picked_up' to callable: 'Node(audio_manager.gd)::_on_item_picked_up': Cannot convert argument 2 from Object to Object.
   at: emit_signalp (core/object/object.cpp:1406)
   GDScript backtrace (most recent call first):
       [0] pick_up_item (res://scripts/entities/player.gd:1127)
       [1] _grant_starting_equipment (res://scripts/main.gd:367)
       [2] _spawn_player (res://scripts/main.gd:305)
       [3] _start_new_game (res://scripts/main.gd:209)
       [4] _on_character_created (res://scripts/main.gd:194)
       [5] _bypass_character_creation (res://tests/bot/survival_bot.gd:225)
       [6] _ready (res://tests/bot/survival_bot.gd:147)
ERROR: Error calling from signal 'item_picked_up' to callable: 'Node(audio_manager.gd)::_on_item_picked_up': Cannot convert argument 2 from Object to Object.
   at: emit_signalp (core/object/object.cpp:1406)
   GDScript backtrace (most recent call first):
       [0] pick_up_item (res://scripts/entities/player.gd:1127)
       [1] _grant_starting_equipment (res://scripts/main.gd:367)
       [2] _spawn_player (res://scripts/main.gd:305)
       [3] _start_new_game (res://scripts/main.gd:209)
       [4] _on_character_created (res://scripts/main.gd:194)
       [5] _bypass_character_creation (res://tests/bot/survival_bot.gd:225)
       [6] _ready (res://tests/bot/survival_bot.gd:147)
ERROR: Error calling from signal 'item_picked_up' to callable: 'Node(audio_manager.gd)::_on_item_picked_up': Cannot convert argument 2 from Object to Object.
   at: emit_signalp (core/object/object.cpp:1406)
   GDScript backtrace (most recent call first):
       [0] pick_up_item (res://scripts/entities/player.gd:1127)
       [1] _grant_starting_equipment (res://scripts/main.gd:367)
       [2] _spawn_player (res://scripts/main.gd:305)
       [3] _start_new_game (res://scripts/main.gd:209)
       [4] _on_character_created (res://scripts/main.gd:194)
       [5] _bypass_character_creation (res://tests/bot/survival_bot.gd:225)
       [6] _ready (res://tests/bot/survival_bot.gd:147)
ERROR: Error calling from signal 'item_picked_up' to callable: 'Node(audio_manager.gd)::_on_item_picked_up': Cannot convert argument 2 from Object to Object.
   at: emit_signalp (core/object/object.cpp:1406)
   GDScript backtrace (most recent call first):
       [0] pick_up_item (res://scripts/entities/player.gd:1127)
       [1] _grant_starting_equipment (res://scripts/main.gd:367)
       [2] _spawn_player (res://scripts/main.gd:305)
       [3] _start_new_game (res://scripts/main.gd:209)
       [4] _on_character_created (res://scripts/main.gd:194)
       [5] _bypass_character_creation (res://tests/bot/survival_bot.gd:225)
       [6] _ready (res://tests/bot/survival_bot.gd:147)
ERROR: Error calling from signal 'item_picked_up' to callable: 'Node(audio_manager.gd)::_on_item_picked_up': Cannot convert argument 2 from Object to Object.
   at: emit_signalp (core/object/object.cpp:1406)
   GDScript backtrace (most recent call first):
       [0] pick_up_item (res://scripts/entities/player.gd:1127)
       [1] _grant_starting_equipment (res://scripts/main.gd:367)
       [2] _spawn_player (res://scripts/main.gd:305)
       [3] _start_new_game (res://scripts/main.gd:209)
       [4] _on_character_created (res://scripts/main.gd:194)
       [5] _bypass_character_creation (res://tests/bot/survival_bot.gd:225)
       [6] _ready (res://tests/bot/survival_bot.gd:147)
[SURVIVAL BOT] Game started. Player: Necromancer | Depth: 1 | HP: 41/41 | Voice: 71/71
[SURVIVAL BOT] AbilitySystem: FOUND | Skills: ["lore", "will", "evasion", "stealth"]

[SURVIVAL BOT] === FLOOR 1 ===
[SURVIVAL BOT] Learned ability: Word of Command (-0 XP)
[SURVIVAL BOT] Learned ability: Deep Memory (-500 XP)
[SURVIVAL BOT] Learned ability: Song of Freedom (-1000 XP)
[SURVIVAL BOT] Learned ability: Curse Breaking (-500 XP)
[SURVIVAL BOT] Stuck for 40 turns. Aborting floor.
[SURVIVAL BOT] Descending stairs at depth 1...
Generating outer_pits (depth 2): rooms=12, size=4-10, corridors=1
set_tile: pos=(0, 0) tile=WALL atlas=(22, 0)
set_tile: pos=(1, 0) tile=WALL atlas=(22, 0)
set_tile: pos=(2, 0) tile=WALL atlas=(22, 0)
set_tile: pos=(3, 0) tile=WALL atlas=(22, 0)
set_tile: pos=(4, 0) tile=WALL atlas=(22, 0)
set_tile: pos=(5, 0) tile=WALL atlas=(22, 0)
set_tile: pos=(6, 0) tile=WALL atlas=(22, 0)
set_tile: pos=(7, 0) tile=WALL atlas=(22, 0)
set_tile: pos=(8, 0) tile=WALL atlas=(22, 0)
set_tile: pos=(9, 0) tile=WALL atlas=(22, 0)
Connectivity check failed: 1208 reachable of 1217 passable
Generation attempt 1 failed connectivity check, retrying...
Connectivity check failed: 1019 reachable of 1028 passable
Generation attempt 2 failed connectivity check, retrying...
Connectivity check failed: 1350 reachable of 1359 passable
Generation attempt 3 failed connectivity check, retrying...
Connectivity check failed: 1039 reachable of 1121 passable
Generation attempt 4 failed connectivity check, retrying...
Connectivity check failed: 42 reachable of 1039 passable
Generation attempt 5 failed connectivity check, retrying...
Placed 4 door guards at depth 2
Scattered 55 terrain tiles at depth 2
Applied outer_pits decorations at depth 2
Placed 2 storytelling messages at depth 2
Spawned 20 monsters at depth 2
Spawned 6 items at depth 2
[FLOOR 1] Turns: 13 | Kills: 0 | Items: 0 | Damage: 9 | Healed: 1 | Errors: 1
  [ERROR] Stuck abort after 40 turns

[SURVIVAL BOT] === FLOOR 2 ===
ERROR: Error calling from signal 'item_picked_up' to callable: 'Node(audio_manager.gd)::_on_item_picked_up': Cannot convert argument 2 from Object to Object.
   at: emit_signalp (core/object/object.cpp:1406)
   GDScript backtrace (most recent call first):
       [0] pick_up_item (res://scripts/entities/player.gd:1127)
       [1] _pickup_item (res://tests/bot/survival_bot.gd:952)
       [2] _decide_and_act (res://tests/bot/survival_bot.gd:569)
       [3] _run_floor_loop (res://tests/bot/survival_bot.gd:431)
[SURVIVAL BOT] Stuck for 40 turns. Aborting floor.
[SURVIVAL BOT] Descending stairs at depth 2...
Generating outer_pits (depth 3): rooms=7, size=4-10, corridors=1
set_tile: pos=(0, 0) tile=WALL atlas=(22, 0)
set_tile: pos=(1, 0) tile=WALL atlas=(22, 0)
set_tile: pos=(2, 0) tile=WALL atlas=(22, 0)
set_tile: pos=(3, 0) tile=WALL atlas=(22, 0)
set_tile: pos=(4, 0) tile=WALL atlas=(22, 0)
set_tile: pos=(5, 0) tile=WALL atlas=(22, 0)
set_tile: pos=(6, 0) tile=WALL atlas=(22, 0)
set_tile: pos=(7, 0) tile=WALL atlas=(22, 0)
set_tile: pos=(8, 0) tile=WALL atlas=(22, 0)
set_tile: pos=(9, 0) tile=WALL atlas=(22, 0)
Connectivity check failed: 640 reachable of 694 passable
Generation attempt 1 failed connectivity check, retrying...
Placed transition vault 200 at depth 3
Placed 4 door guards at depth 3
Scattered 28 terrain tiles at depth 3
Applied outer_pits decorations at depth 3
Placed 3 storytelling messages at depth 3
Post-decoration: carved 15-tile rescue corridor at depth 3
Spawned 14 monsters at depth 3
Spawned 8 items at depth 3
[FLOOR 2] Turns: 3 | Kills: 0 | Items: 1 | Damage: 0 | Healed: 0 | Errors: 1
  [ERROR] Stuck abort after 40 turns

[SURVIVAL BOT] === FLOOR 3 ===
ERROR: Error calling from signal 'item_picked_up' to callable: 'Node(audio_manager.gd)::_on_item_picked_up': Cannot convert argument 2 from Object to Object.
   at: emit_signalp (core/object/object.cpp:1406)
   GDScript backtrace (most recent call first):
       [0] pick_up_item (res://scripts/entities/player.gd:1127)
       [1] _pickup_item (res://tests/bot/survival_bot.gd:952)
       [2] _decide_and_act (res://tests/bot/survival_bot.gd:569)
       [3] _run_floor_loop (res://tests/bot/survival_bot.gd:431)
ERROR: Error calling from signal 'item_equipped' to callable: 'Node(audio_manager.gd)::_on_item_equipped': Cannot convert argument 2 from Object to Object.
   at: emit_signalp (core/object/object.cpp:1406)
   GDScript backtrace (most recent call first):
       [0] equip_item (res://scripts/entities/player.gd:1188)
       [1] _try_auto_equip (res://tests/bot/survival_bot.gd:1978)
       [2] _pickup_item (res://tests/bot/survival_bot.gd:959)
       [3] _decide_and_act (res://tests/bot/survival_bot.gd:569)
       [4] _run_floor_loop (res://tests/bot/survival_bot.gd:431)
[SURVIVAL BOT] Stuck for 40 turns. Aborting floor.
[FLOOR 3] Turns: 5 | Kills: 0 | Items: 1 | Damage: 34 | Healed: 0 | Errors: 1
  [ERROR] Stuck abort after 40 turns
JSON_RESULT:{"archetype":"LORE_MAGE","deepest_floor":3,"outcome":"DEATH","per_floor_stats":[{"abilities_used":0,"auto_explore_uses":0,"damage_taken":9,"depth":1,"errors":["Stuck abort after 40 turns"],"healing_done":1,"items_equipped":0,"items_found":0,"monsters_killed":0,"ranged_attacks":0,"turns_taken":13},{"abilities_used":0,"auto_explore_uses":0,"damage_taken":0,"depth":2,"errors":["Stuck abort after 40 turns"],"healing_done":0,"items_equipped":0,"items_found":1,"monsters_killed":0,"ranged_attacks":0,"turns_taken":3},{"abilities_used":0,"auto_explore_uses":0,"damage_taken":34,"depth":3,"errors":["Stuck abort after 40 turns"],"healing_done":0,"items_equipped":0,"items_found":1,"monsters_killed":0,"ranged_attacks":0,"turns_taken":5}],"run_index":43,"seed":687058960,"timestamp":"2026-02-08T16:43:21","total_abilities_learned":4,"total_abilities_used":8,"total_combats_avoided":0,"total_consumables_used":0,"total_damage_taken":43,"total_deep_memory":2,"total_detections":0,"total_errors":3,"total_flee_attempts":0,"total_forge_successes":0,"total_forges_used":0,"total_forges_visited":0,"total_healing_done":1,"total_items":2,"total_items_equipped":1,"total_items_sought":4,"total_kills":0,"total_kite_attempts":0,"total_kite_shots":0,"total_lore_of_sleep":0,"total_ranged_attacks":0,"total_rest_turns":4,"total_skills_bought":12,"total_songs_started":1,"total_stealth_kills":0,"total_stealth_toggles":1,"total_turns":61,"total_word_of_command":2}

============================================================
=== SURVIVAL BOT RUN COMPLETE ===
============================================================
Floors cleared: 2/20
Deepest floor reached: 3
Total turns: 61
Total kills: 0
Total items: 2
Total damage taken: 43
Total healing done: 1
Abilities used: 8 | Ranged: 0 | Equipped: 1 | Forged: 0
Stealth toggles: 1 | Skills bought: 12 | Abilities learned: 4 | Songs: 1
Flee attempts: 0 | Consumables: 0 | Items sought: 4 | Kite shots: 0
Combats avoided: 0 | Stealth kills: 0 | Detections: 0 | Rest turns: 4
WoC: 2 | Sleep: 0 | Deep Memory: 2 | Forges visited: 0
Cause of end: DEATH
Errors encountered: 3

--- Per-Floor Breakdown ---
  Floor  1:  13 turns,  0 kills,  0 items,   9 dmg,   1 heal [1 errors]
  Floor  2:   3 turns,  0 kills,  1 items,   0 dmg,   0 heal [1 errors]
  Floor  3:   5 turns,  0 kills,  1 items,  34 dmg,   0 heal [1 errors]
============================================================

WARNING: 4 RIDs of type "CanvasItem" were leaked.
     at: _free_rids (servers/rendering/renderer_canvas_cull.cpp:2692)
WARNING: ObjectDB instances leaked at exit (run with --verbose for details).
     at: cleanup (core/object/object.cpp:2641)
ERROR: 7 resources still in use at exit (run with --verbose for details).
   at: clear (core/io/resource.cpp:810)
