Godot Engine v4.6.stable.official.89cea1439 - https://godotengine.org


======================================================================
  NECROMANCER GODOT - TEST RUNNER
======================================================================

Mode: Survival bot only

DataManager: Loading game data...
=== DataManager Validation ===
Loaded 88 monsters, 214 items, 104 artifacts, 93 abilities
Loaded 5 races, 12 houses, 20 traits, 96 vaults
WARNING: DataManager: Missing key monster: Morgoth, Lord of Darkness
     at: push_warning (core/variant/variant_utility.cpp:1034)
     GDScript backtrace (most recent call first):
         [0] _validate_data (res://scripts/core/data_manager.gd:994)
         [1] load_all_data (res://scripts/core/data_manager.gd:33)
         [2] _ready (res://scripts/core/data_manager.gd:20)
WARNING: DataManager: Missing key monster: Orc
     at: push_warning (core/variant/variant_utility.cpp:1034)
     GDScript backtrace (most recent call first):
         [0] _validate_data (res://scripts/core/data_manager.gd:994)
         [1] load_all_data (res://scripts/core/data_manager.gd:33)
         [2] _ready (res://scripts/core/data_manager.gd:20)
WARNING: DataManager: Missing key monster: Troll
     at: push_warning (core/variant/variant_utility.cpp:1034)
     GDScript backtrace (most recent call first):
         [0] _validate_data (res://scripts/core/data_manager.gd:994)
         [1] load_all_data (res://scripts/core/data_manager.gd:33)
         [2] _ready (res://scripts/core/data_manager.gd:20)
WARNING: DataManager: Missing key monster: Spider
     at: push_warning (core/variant/variant_utility.cpp:1034)
     GDScript backtrace (most recent call first):
         [0] _validate_data (res://scripts/core/data_manager.gd:994)
         [1] load_all_data (res://scripts/core/data_manager.gd:33)
         [2] _ready (res://scripts/core/data_manager.gd:20)
Validation completed with 4 warnings
==============================
=== TileMapper Initialized (DALL-E Terrain + DCSS Entities) ===
Grid: 32x32, Tile size: 64x64
Total tiles loaded: 459
Layer tile kits: 7 layers
──────────────────────────────────────────────────────────────────────
  SURVIVAL BOT
──────────────────────────────────────────────────────────────────────

[SURVIVAL BOT] Archetype: RANGER_STEALTH_ARCHER | Run: 2 | Seed: 3906072404

============================================================
[SURVIVAL BOT] Starting intelligent 20-floor auto-play...
[SURVIVAL BOT] Archetype: RANGER_STEALTH_ARCHER | Run: 2 | Seed: 3906072404
============================================================

[SURVIVAL BOT] Running full 20-floor playthrough... (will exit when complete)

[SURVIVAL BOT] Found Main node: Main
[SURVIVAL BOT] Bypassing character creation with: SurvivalBot-RangerStealthArcher (Man Dunedain)
Generating outer_pits (depth 1): rooms=8, size=4-10, corridors=1
set_tile: pos=(0, 0) tile=WALL atlas=(22, 0)
set_tile: pos=(1, 0) tile=WALL atlas=(22, 0)
set_tile: pos=(2, 0) tile=WALL atlas=(22, 0)
set_tile: pos=(3, 0) tile=WALL atlas=(22, 0)
set_tile: pos=(4, 0) tile=WALL atlas=(22, 0)
set_tile: pos=(5, 0) tile=WALL atlas=(22, 0)
set_tile: pos=(6, 0) tile=WALL atlas=(22, 0)
set_tile: pos=(7, 0) tile=WALL atlas=(22, 0)
set_tile: pos=(8, 0) tile=WALL atlas=(22, 0)
set_tile: pos=(9, 0) tile=WALL atlas=(22, 0)
Placed 2 door guards at depth 1
Scattered 35 terrain tiles at depth 1
Applied outer_pits decorations at depth 1
Placed 3 storytelling messages at depth 1
Post-decoration: carved 43-tile rescue corridor at depth 1
Spawned 10 monsters at depth 1
Spawned 7 items at depth 1
ERROR: Error calling from signal 'item_picked_up' to callable: 'Node(audio_manager.gd)::_on_item_picked_up': Cannot convert argument 2 from Object to Object.
   at: emit_signalp (core/object/object.cpp:1406)
   GDScript backtrace (most recent call first):
       [0] pick_up_item (res://scripts/entities/player.gd:1127)
       [1] _grant_starting_equipment (res://scripts/main.gd:367)
       [2] _spawn_player (res://scripts/main.gd:305)
       [3] _start_new_game (res://scripts/main.gd:209)
       [4] _on_character_created (res://scripts/main.gd:194)
       [5] _bypass_character_creation (res://tests/bot/survival_bot.gd:225)
       [6] _ready (res://tests/bot/survival_bot.gd:147)
ERROR: Error calling from signal 'item_picked_up' to callable: 'Node(audio_manager.gd)::_on_item_picked_up': Cannot convert argument 2 from Object to Object.
   at: emit_signalp (core/object/object.cpp:1406)
   GDScript backtrace (most recent call first):
       [0] pick_up_item (res://scripts/entities/player.gd:1116)
       [1] _grant_starting_equipment (res://scripts/main.gd:367)
       [2] _spawn_player (res://scripts/main.gd:305)
       [3] _start_new_game (res://scripts/main.gd:209)
       [4] _on_character_created (res://scripts/main.gd:194)
       [5] _bypass_character_creation (res://tests/bot/survival_bot.gd:225)
       [6] _ready (res://tests/bot/survival_bot.gd:147)
ERROR: Error calling from signal 'item_picked_up' to callable: 'Node(audio_manager.gd)::_on_item_picked_up': Cannot convert argument 2 from Object to Object.
   at: emit_signalp (core/object/object.cpp:1406)
   GDScript backtrace (most recent call first):
       [0] pick_up_item (res://scripts/entities/player.gd:1127)
       [1] _grant_starting_equipment (res://scripts/main.gd:367)
       [2] _spawn_player (res://scripts/main.gd:305)
       [3] _start_new_game (res://scripts/main.gd:209)
       [4] _on_character_created (res://scripts/main.gd:194)
       [5] _bypass_character_creation (res://tests/bot/survival_bot.gd:225)
       [6] _ready (res://tests/bot/survival_bot.gd:147)
ERROR: Error calling from signal 'item_picked_up' to callable: 'Node(audio_manager.gd)::_on_item_picked_up': Cannot convert argument 2 from Object to Object.
   at: emit_signalp (core/object/object.cpp:1406)
   GDScript backtrace (most recent call first):
       [0] pick_up_item (res://scripts/entities/player.gd:1116)
       [1] _grant_starting_equipment (res://scripts/main.gd:367)
       [2] _spawn_player (res://scripts/main.gd:305)
       [3] _start_new_game (res://scripts/main.gd:209)
       [4] _on_character_created (res://scripts/main.gd:194)
       [5] _bypass_character_creation (res://tests/bot/survival_bot.gd:225)
       [6] _ready (res://tests/bot/survival_bot.gd:147)
ERROR: Error calling from signal 'item_picked_up' to callable: 'Node(audio_manager.gd)::_on_item_picked_up': Cannot convert argument 2 from Object to Object.
   at: emit_signalp (core/object/object.cpp:1406)
   GDScript backtrace (most recent call first):
       [0] pick_up_item (res://scripts/entities/player.gd:1116)
       [1] _grant_starting_equipment (res://scripts/main.gd:367)
       [2] _spawn_player (res://scripts/main.gd:305)
       [3] _start_new_game (res://scripts/main.gd:209)
       [4] _on_character_created (res://scripts/main.gd:194)
       [5] _bypass_character_creation (res://tests/bot/survival_bot.gd:225)
       [6] _ready (res://tests/bot/survival_bot.gd:147)
ERROR: Error calling from signal 'item_picked_up' to callable: 'Node(audio_manager.gd)::_on_item_picked_up': Cannot convert argument 2 from Object to Object.
   at: emit_signalp (core/object/object.cpp:1406)
   GDScript backtrace (most recent call first):
       [0] pick_up_item (res://scripts/entities/player.gd:1116)
       [1] _grant_starting_equipment (res://scripts/main.gd:367)
       [2] _spawn_player (res://scripts/main.gd:305)
       [3] _start_new_game (res://scripts/main.gd:209)
       [4] _on_character_created (res://scripts/main.gd:194)
       [5] _bypass_character_creation (res://tests/bot/survival_bot.gd:225)
       [6] _ready (res://tests/bot/survival_bot.gd:147)
ERROR: Error calling from signal 'item_picked_up' to callable: 'Node(audio_manager.gd)::_on_item_picked_up': Cannot convert argument 2 from Object to Object.
   at: emit_signalp (core/object/object.cpp:1406)
   GDScript backtrace (most recent call first):
       [0] pick_up_item (res://scripts/entities/player.gd:1116)
       [1] _grant_starting_equipment (res://scripts/main.gd:367)
       [2] _spawn_player (res://scripts/main.gd:305)
       [3] _start_new_game (res://scripts/main.gd:209)
       [4] _on_character_created (res://scripts/main.gd:194)
       [5] _bypass_character_creation (res://tests/bot/survival_bot.gd:225)
       [6] _ready (res://tests/bot/survival_bot.gd:147)
ERROR: Error calling from signal 'item_picked_up' to callable: 'Node(audio_manager.gd)::_on_item_picked_up': Cannot convert argument 2 from Object to Object.
   at: emit_signalp (core/object/object.cpp:1406)
   GDScript backtrace (most recent call first):
       [0] pick_up_item (res://scripts/entities/player.gd:1116)
       [1] _grant_starting_equipment (res://scripts/main.gd:367)
       [2] _spawn_player (res://scripts/main.gd:305)
       [3] _start_new_game (res://scripts/main.gd:209)
       [4] _on_character_created (res://scripts/main.gd:194)
       [5] _bypass_character_creation (res://tests/bot/survival_bot.gd:225)
       [6] _ready (res://tests/bot/survival_bot.gd:147)
ERROR: Error calling from signal 'item_picked_up' to callable: 'Node(audio_manager.gd)::_on_item_picked_up': Cannot convert argument 2 from Object to Object.
   at: emit_signalp (core/object/object.cpp:1406)
   GDScript backtrace (most recent call first):
       [0] pick_up_item (res://scripts/entities/player.gd:1116)
       [1] _grant_starting_equipment (res://scripts/main.gd:367)
       [2] _spawn_player (res://scripts/main.gd:305)
       [3] _start_new_game (res://scripts/main.gd:209)
       [4] _on_character_created (res://scripts/main.gd:194)
       [5] _bypass_character_creation (res://tests/bot/survival_bot.gd:225)
       [6] _ready (res://tests/bot/survival_bot.gd:147)
ERROR: Error calling from signal 'item_picked_up' to callable: 'Node(audio_manager.gd)::_on_item_picked_up': Cannot convert argument 2 from Object to Object.
   at: emit_signalp (core/object/object.cpp:1406)
   GDScript backtrace (most recent call first):
       [0] pick_up_item (res://scripts/entities/player.gd:1116)
       [1] _grant_starting_equipment (res://scripts/main.gd:367)
       [2] _spawn_player (res://scripts/main.gd:305)
       [3] _start_new_game (res://scripts/main.gd:209)
       [4] _on_character_created (res://scripts/main.gd:194)
       [5] _bypass_character_creation (res://tests/bot/survival_bot.gd:225)
       [6] _ready (res://tests/bot/survival_bot.gd:147)
ERROR: Error calling from signal 'item_picked_up' to callable: 'Node(audio_manager.gd)::_on_item_picked_up': Cannot convert argument 2 from Object to Object.
   at: emit_signalp (core/object/object.cpp:1406)
   GDScript backtrace (most recent call first):
       [0] pick_up_item (res://scripts/entities/player.gd:1116)
       [1] _grant_starting_equipment (res://scripts/main.gd:367)
       [2] _spawn_player (res://scripts/main.gd:305)
       [3] _start_new_game (res://scripts/main.gd:209)
       [4] _on_character_created (res://scripts/main.gd:194)
       [5] _bypass_character_creation (res://tests/bot/survival_bot.gd:225)
       [6] _ready (res://tests/bot/survival_bot.gd:147)
ERROR: Error calling from signal 'item_picked_up' to callable: 'Node(audio_manager.gd)::_on_item_picked_up': Cannot convert argument 2 from Object to Object.
   at: emit_signalp (core/object/object.cpp:1406)
   GDScript backtrace (most recent call first):
       [0] pick_up_item (res://scripts/entities/player.gd:1116)
       [1] _grant_starting_equipment (res://scripts/main.gd:367)
       [2] _spawn_player (res://scripts/main.gd:305)
       [3] _start_new_game (res://scripts/main.gd:209)
       [4] _on_character_created (res://scripts/main.gd:194)
       [5] _bypass_character_creation (res://tests/bot/survival_bot.gd:225)
       [6] _ready (res://tests/bot/survival_bot.gd:147)
ERROR: Error calling from signal 'item_picked_up' to callable: 'Node(audio_manager.gd)::_on_item_picked_up': Cannot convert argument 2 from Object to Object.
   at: emit_signalp (core/object/object.cpp:1406)
   GDScript backtrace (most recent call first):
       [0] pick_up_item (res://scripts/entities/player.gd:1116)
       [1] _grant_starting_equipment (res://scripts/main.gd:367)
       [2] _spawn_player (res://scripts/main.gd:305)
       [3] _start_new_game (res://scripts/main.gd:209)
       [4] _on_character_created (res://scripts/main.gd:194)
       [5] _bypass_character_creation (res://tests/bot/survival_bot.gd:225)
       [6] _ready (res://tests/bot/survival_bot.gd:147)
ERROR: Error calling from signal 'item_picked_up' to callable: 'Node(audio_manager.gd)::_on_item_picked_up': Cannot convert argument 2 from Object to Object.
   at: emit_signalp (core/object/object.cpp:1406)
   GDScript backtrace (most recent call first):
       [0] pick_up_item (res://scripts/entities/player.gd:1116)
       [1] _grant_starting_equipment (res://scripts/main.gd:367)
       [2] _spawn_player (res://scripts/main.gd:305)
       [3] _start_new_game (res://scripts/main.gd:209)
       [4] _on_character_created (res://scripts/main.gd:194)
       [5] _bypass_character_creation (res://tests/bot/survival_bot.gd:225)
       [6] _ready (res://tests/bot/survival_bot.gd:147)
ERROR: Error calling from signal 'item_picked_up' to callable: 'Node(audio_manager.gd)::_on_item_picked_up': Cannot convert argument 2 from Object to Object.
   at: emit_signalp (core/object/object.cpp:1406)
   GDScript backtrace (most recent call first):
       [0] pick_up_item (res://scripts/entities/player.gd:1116)
       [1] _grant_starting_equipment (res://scripts/main.gd:367)
       [2] _spawn_player (res://scripts/main.gd:305)
       [3] _start_new_game (res://scripts/main.gd:209)
       [4] _on_character_created (res://scripts/main.gd:194)
       [5] _bypass_character_creation (res://tests/bot/survival_bot.gd:225)
       [6] _ready (res://tests/bot/survival_bot.gd:147)
ERROR: Error calling from signal 'item_picked_up' to callable: 'Node(audio_manager.gd)::_on_item_picked_up': Cannot convert argument 2 from Object to Object.
   at: emit_signalp (core/object/object.cpp:1406)
   GDScript backtrace (most recent call first):
       [0] pick_up_item (res://scripts/entities/player.gd:1116)
       [1] _grant_starting_equipment (res://scripts/main.gd:367)
       [2] _spawn_player (res://scripts/main.gd:305)
       [3] _start_new_game (res://scripts/main.gd:209)
       [4] _on_character_created (res://scripts/main.gd:194)
       [5] _bypass_character_creation (res://tests/bot/survival_bot.gd:225)
       [6] _ready (res://tests/bot/survival_bot.gd:147)
ERROR: Error calling from signal 'item_picked_up' to callable: 'Node(audio_manager.gd)::_on_item_picked_up': Cannot convert argument 2 from Object to Object.
   at: emit_signalp (core/object/object.cpp:1406)
   GDScript backtrace (most recent call first):
       [0] pick_up_item (res://scripts/entities/player.gd:1116)
       [1] _grant_starting_equipment (res://scripts/main.gd:367)
       [2] _spawn_player (res://scripts/main.gd:305)
       [3] _start_new_game (res://scripts/main.gd:209)
       [4] _on_character_created (res://scripts/main.gd:194)
       [5] _bypass_character_creation (res://tests/bot/survival_bot.gd:225)
       [6] _ready (res://tests/bot/survival_bot.gd:147)
ERROR: Error calling from signal 'item_picked_up' to callable: 'Node(audio_manager.gd)::_on_item_picked_up': Cannot convert argument 2 from Object to Object.
   at: emit_signalp (core/object/object.cpp:1406)
   GDScript backtrace (most recent call first):
       [0] pick_up_item (res://scripts/entities/player.gd:1116)
       [1] _grant_starting_equipment (res://scripts/main.gd:367)
       [2] _spawn_player (res://scripts/main.gd:305)
       [3] _start_new_game (res://scripts/main.gd:209)
       [4] _on_character_created (res://scripts/main.gd:194)
       [5] _bypass_character_creation (res://tests/bot/survival_bot.gd:225)
       [6] _ready (res://tests/bot/survival_bot.gd:147)
ERROR: Error calling from signal 'item_picked_up' to callable: 'Node(audio_manager.gd)::_on_item_picked_up': Cannot convert argument 2 from Object to Object.
   at: emit_signalp (core/object/object.cpp:1406)
   GDScript backtrace (most recent call first):
       [0] pick_up_item (res://scripts/entities/player.gd:1116)
       [1] _grant_starting_equipment (res://scripts/main.gd:367)
       [2] _spawn_player (res://scripts/main.gd:305)
       [3] _start_new_game (res://scripts/main.gd:209)
       [4] _on_character_created (res://scripts/main.gd:194)
       [5] _bypass_character_creation (res://tests/bot/survival_bot.gd:225)
       [6] _ready (res://tests/bot/survival_bot.gd:147)
ERROR: Error calling from signal 'item_picked_up' to callable: 'Node(audio_manager.gd)::_on_item_picked_up': Cannot convert argument 2 from Object to Object.
   at: emit_signalp (core/object/object.cpp:1406)
   GDScript backtrace (most recent call first):
       [0] pick_up_item (res://scripts/entities/player.gd:1116)
       [1] _grant_starting_equipment (res://scripts/main.gd:367)
       [2] _spawn_player (res://scripts/main.gd:305)
       [3] _start_new_game (res://scripts/main.gd:209)
       [4] _on_character_created (res://scripts/main.gd:194)
       [5] _bypass_character_creation (res://tests/bot/survival_bot.gd:225)
       [6] _ready (res://tests/bot/survival_bot.gd:147)
ERROR: Error calling from signal 'item_picked_up' to callable: 'Node(audio_manager.gd)::_on_item_picked_up': Cannot convert argument 2 from Object to Object.
   at: emit_signalp (core/object/object.cpp:1406)
   GDScript backtrace (most recent call first):
       [0] pick_up_item (res://scripts/entities/player.gd:1116)
       [1] _grant_starting_equipment (res://scripts/main.gd:367)
       [2] _spawn_player (res://scripts/main.gd:305)
       [3] _start_new_game (res://scripts/main.gd:209)
       [4] _on_character_created (res://scripts/main.gd:194)
       [5] _bypass_character_creation (res://tests/bot/survival_bot.gd:225)
       [6] _ready (res://tests/bot/survival_bot.gd:147)
ERROR: Error calling from signal 'item_picked_up' to callable: 'Node(audio_manager.gd)::_on_item_picked_up': Cannot convert argument 2 from Object to Object.
   at: emit_signalp (core/object/object.cpp:1406)
   GDScript backtrace (most recent call first):
       [0] pick_up_item (res://scripts/entities/player.gd:1116)
       [1] _grant_starting_equipment (res://scripts/main.gd:367)
       [2] _spawn_player (res://scripts/main.gd:305)
       [3] _start_new_game (res://scripts/main.gd:209)
       [4] _on_character_created (res://scripts/main.gd:194)
       [5] _bypass_character_creation (res://tests/bot/survival_bot.gd:225)
       [6] _ready (res://tests/bot/survival_bot.gd:147)
ERROR: Error calling from signal 'item_picked_up' to callable: 'Node(audio_manager.gd)::_on_item_picked_up': Cannot convert argument 2 from Object to Object.
   at: emit_signalp (core/object/object.cpp:1406)
   GDScript backtrace (most recent call first):
       [0] pick_up_item (res://scripts/entities/player.gd:1127)
       [1] _grant_starting_equipment (res://scripts/main.gd:367)
       [2] _spawn_player (res://scripts/main.gd:305)
       [3] _start_new_game (res://scripts/main.gd:209)
       [4] _on_character_created (res://scripts/main.gd:194)
       [5] _bypass_character_creation (res://tests/bot/survival_bot.gd:225)
       [6] _ready (res://tests/bot/survival_bot.gd:147)
ERROR: Error calling from signal 'item_picked_up' to callable: 'Node(audio_manager.gd)::_on_item_picked_up': Cannot convert argument 2 from Object to Object.
   at: emit_signalp (core/object/object.cpp:1406)
   GDScript backtrace (most recent call first):
       [0] pick_up_item (res://scripts/entities/player.gd:1116)
       [1] _grant_starting_equipment (res://scripts/main.gd:367)
       [2] _spawn_player (res://scripts/main.gd:305)
       [3] _start_new_game (res://scripts/main.gd:209)
       [4] _on_character_created (res://scripts/main.gd:194)
       [5] _bypass_character_creation (res://tests/bot/survival_bot.gd:225)
       [6] _ready (res://tests/bot/survival_bot.gd:147)
ERROR: Error calling from signal 'item_picked_up' to callable: 'Node(audio_manager.gd)::_on_item_picked_up': Cannot convert argument 2 from Object to Object.
   at: emit_signalp (core/object/object.cpp:1406)
   GDScript backtrace (most recent call first):
       [0] pick_up_item (res://scripts/entities/player.gd:1116)
       [1] _grant_starting_equipment (res://scripts/main.gd:367)
       [2] _spawn_player (res://scripts/main.gd:305)
       [3] _start_new_game (res://scripts/main.gd:209)
       [4] _on_character_created (res://scripts/main.gd:194)
       [5] _bypass_character_creation (res://tests/bot/survival_bot.gd:225)
       [6] _ready (res://tests/bot/survival_bot.gd:147)
ERROR: Error calling from signal 'item_picked_up' to callable: 'Node(audio_manager.gd)::_on_item_picked_up': Cannot convert argument 2 from Object to Object.
   at: emit_signalp (core/object/object.cpp:1406)
   GDScript backtrace (most recent call first):
       [0] pick_up_item (res://scripts/entities/player.gd:1116)
       [1] _grant_starting_equipment (res://scripts/main.gd:367)
       [2] _spawn_player (res://scripts/main.gd:305)
       [3] _start_new_game (res://scripts/main.gd:209)
       [4] _on_character_created (res://scripts/main.gd:194)
       [5] _bypass_character_creation (res://tests/bot/survival_bot.gd:225)
       [6] _ready (res://tests/bot/survival_bot.gd:147)
ERROR: Error calling from signal 'item_picked_up' to callable: 'Node(audio_manager.gd)::_on_item_picked_up': Cannot convert argument 2 from Object to Object.
   at: emit_signalp (core/object/object.cpp:1406)
   GDScript backtrace (most recent call first):
       [0] pick_up_item (res://scripts/entities/player.gd:1116)
       [1] _grant_starting_equipment (res://scripts/main.gd:367)
       [2] _spawn_player (res://scripts/main.gd:305)
       [3] _start_new_game (res://scripts/main.gd:209)
       [4] _on_character_created (res://scripts/main.gd:194)
       [5] _bypass_character_creation (res://tests/bot/survival_bot.gd:225)
       [6] _ready (res://tests/bot/survival_bot.gd:147)
ERROR: Error calling from signal 'item_picked_up' to callable: 'Node(audio_manager.gd)::_on_item_picked_up': Cannot convert argument 2 from Object to Object.
   at: emit_signalp (core/object/object.cpp:1406)
   GDScript backtrace (most recent call first):
       [0] pick_up_item (res://scripts/entities/player.gd:1116)
       [1] _grant_starting_equipment (res://scripts/main.gd:367)
       [2] _spawn_player (res://scripts/main.gd:305)
       [3] _start_new_game (res://scripts/main.gd:209)
       [4] _on_character_created (res://scripts/main.gd:194)
       [5] _bypass_character_creation (res://tests/bot/survival_bot.gd:225)
       [6] _ready (res://tests/bot/survival_bot.gd:147)
ERROR: Error calling from signal 'item_picked_up' to callable: 'Node(audio_manager.gd)::_on_item_picked_up': Cannot convert argument 2 from Object to Object.
   at: emit_signalp (core/object/object.cpp:1406)
   GDScript backtrace (most recent call first):
       [0] pick_up_item (res://scripts/entities/player.gd:1116)
       [1] _grant_starting_equipment (res://scripts/main.gd:367)
       [2] _spawn_player (res://scripts/main.gd:305)
       [3] _start_new_game (res://scripts/main.gd:209)
       [4] _on_character_created (res://scripts/main.gd:194)
       [5] _bypass_character_creation (res://tests/bot/survival_bot.gd:225)
       [6] _ready (res://tests/bot/survival_bot.gd:147)
ERROR: Error calling from signal 'item_picked_up' to callable: 'Node(audio_manager.gd)::_on_item_picked_up': Cannot convert argument 2 from Object to Object.
   at: emit_signalp (core/object/object.cpp:1406)
   GDScript backtrace (most recent call first):
       [0] pick_up_item (res://scripts/entities/player.gd:1116)
       [1] _grant_starting_equipment (res://scripts/main.gd:367)
       [2] _spawn_player (res://scripts/main.gd:305)
       [3] _start_new_game (res://scripts/main.gd:209)
       [4] _on_character_created (res://scripts/main.gd:194)
       [5] _bypass_character_creation (res://tests/bot/survival_bot.gd:225)
       [6] _ready (res://tests/bot/survival_bot.gd:147)
ERROR: Error calling from signal 'item_picked_up' to callable: 'Node(audio_manager.gd)::_on_item_picked_up': Cannot convert argument 2 from Object to Object.
   at: emit_signalp (core/object/object.cpp:1406)
   GDScript backtrace (most recent call first):
       [0] pick_up_item (res://scripts/entities/player.gd:1116)
       [1] _grant_starting_equipment (res://scripts/main.gd:367)
       [2] _spawn_player (res://scripts/main.gd:305)
       [3] _start_new_game (res://scripts/main.gd:209)
       [4] _on_character_created (res://scripts/main.gd:194)
       [5] _bypass_character_creation (res://tests/bot/survival_bot.gd:225)
       [6] _ready (res://tests/bot/survival_bot.gd:147)
ERROR: Error calling from signal 'item_picked_up' to callable: 'Node(audio_manager.gd)::_on_item_picked_up': Cannot convert argument 2 from Object to Object.
   at: emit_signalp (core/object/object.cpp:1406)
   GDScript backtrace (most recent call first):
       [0] pick_up_item (res://scripts/entities/player.gd:1127)
       [1] _grant_starting_equipment (res://scripts/main.gd:367)
       [2] _spawn_player (res://scripts/main.gd:305)
       [3] _start_new_game (res://scripts/main.gd:209)
       [4] _on_character_created (res://scripts/main.gd:194)
       [5] _bypass_character_creation (res://tests/bot/survival_bot.gd:225)
       [6] _ready (res://tests/bot/survival_bot.gd:147)
ERROR: Error calling from signal 'item_picked_up' to callable: 'Node(audio_manager.gd)::_on_item_picked_up': Cannot convert argument 2 from Object to Object.
   at: emit_signalp (core/object/object.cpp:1406)
   GDScript backtrace (most recent call first):
       [0] pick_up_item (res://scripts/entities/player.gd:1127)
       [1] _grant_starting_equipment (res://scripts/main.gd:367)
       [2] _spawn_player (res://scripts/main.gd:305)
       [3] _start_new_game (res://scripts/main.gd:209)
       [4] _on_character_created (res://scripts/main.gd:194)
       [5] _bypass_character_creation (res://tests/bot/survival_bot.gd:225)
       [6] _ready (res://tests/bot/survival_bot.gd:147)
ERROR: Error calling from signal 'item_picked_up' to callable: 'Node(audio_manager.gd)::_on_item_picked_up': Cannot convert argument 2 from Object to Object.
   at: emit_signalp (core/object/object.cpp:1406)
   GDScript backtrace (most recent call first):
       [0] pick_up_item (res://scripts/entities/player.gd:1127)
       [1] _grant_starting_equipment (res://scripts/main.gd:367)
       [2] _spawn_player (res://scripts/main.gd:305)
       [3] _start_new_game (res://scripts/main.gd:209)
       [4] _on_character_created (res://scripts/main.gd:194)
       [5] _bypass_character_creation (res://tests/bot/survival_bot.gd:225)
       [6] _ready (res://tests/bot/survival_bot.gd:147)
ERROR: Error calling from signal 'item_picked_up' to callable: 'Node(audio_manager.gd)::_on_item_picked_up': Cannot convert argument 2 from Object to Object.
   at: emit_signalp (core/object/object.cpp:1406)
   GDScript backtrace (most recent call first):
       [0] pick_up_item (res://scripts/entities/player.gd:1127)
       [1] _grant_starting_equipment (res://scripts/main.gd:367)
       [2] _spawn_player (res://scripts/main.gd:305)
       [3] _start_new_game (res://scripts/main.gd:209)
       [4] _on_character_created (res://scripts/main.gd:194)
       [5] _bypass_character_creation (res://tests/bot/survival_bot.gd:225)
       [6] _ready (res://tests/bot/survival_bot.gd:147)
ERROR: Error calling from signal 'item_picked_up' to callable: 'Node(audio_manager.gd)::_on_item_picked_up': Cannot convert argument 2 from Object to Object.
   at: emit_signalp (core/object/object.cpp:1406)
   GDScript backtrace (most recent call first):
       [0] pick_up_item (res://scripts/entities/player.gd:1127)
       [1] _grant_starting_equipment (res://scripts/main.gd:367)
       [2] _spawn_player (res://scripts/main.gd:305)
       [3] _start_new_game (res://scripts/main.gd:209)
       [4] _on_character_created (res://scripts/main.gd:194)
       [5] _bypass_character_creation (res://tests/bot/survival_bot.gd:225)
       [6] _ready (res://tests/bot/survival_bot.gd:147)
ERROR: Error calling from signal 'item_picked_up' to callable: 'Node(audio_manager.gd)::_on_item_picked_up': Cannot convert argument 2 from Object to Object.
   at: emit_signalp (core/object/object.cpp:1406)
   GDScript backtrace (most recent call first):
       [0] pick_up_item (res://scripts/entities/player.gd:1127)
       [1] _grant_starting_equipment (res://scripts/main.gd:367)
       [2] _spawn_player (res://scripts/main.gd:305)
       [3] _start_new_game (res://scripts/main.gd:209)
       [4] _on_character_created (res://scripts/main.gd:194)
       [5] _bypass_character_creation (res://tests/bot/survival_bot.gd:225)
       [6] _ready (res://tests/bot/survival_bot.gd:147)
[SURVIVAL BOT] Game started. Player: Necromancer | Depth: 1 | HP: 41/41 | Voice: 41/41
[SURVIVAL BOT] AbilitySystem: FOUND | Skills: ["archery", "stealth", "evasion", "hunting"]

[SURVIVAL BOT] === FLOOR 1 ===
[SURVIVAL BOT] Learned ability: Fletchery (-500 XP)
[SURVIVAL BOT] Learned ability: Point Blank (-1000 XP)
ERROR: Error calling from signal 'item_picked_up' to callable: 'Node(audio_manager.gd)::_on_item_picked_up': Cannot convert argument 2 from Object to Object.
   at: emit_signalp (core/object/object.cpp:1406)
   GDScript backtrace (most recent call first):
       [0] pick_up_item (res://scripts/entities/player.gd:1127)
       [1] _pickup_item (res://tests/bot/survival_bot.gd:952)
       [2] _decide_and_act (res://tests/bot/survival_bot.gd:569)
       [3] _run_floor_loop (res://tests/bot/survival_bot.gd:431)
ERROR: Error calling from signal 'item_picked_up' to callable: 'Node(audio_manager.gd)::_on_item_picked_up': Cannot convert argument 2 from Object to Object.
   at: emit_signalp (core/object/object.cpp:1406)
   GDScript backtrace (most recent call first):
       [0] pick_up_item (res://scripts/entities/player.gd:1127)
       [1] _pickup_item (res://tests/bot/survival_bot.gd:952)
       [2] _decide_and_act (res://tests/bot/survival_bot.gd:569)
       [3] _run_floor_loop (res://tests/bot/survival_bot.gd:431)
ERROR: Error calling from signal 'item_equipped' to callable: 'Node(audio_manager.gd)::_on_item_equipped': Cannot convert argument 2 from Object to Object.
   at: emit_signalp (core/object/object.cpp:1406)
   GDScript backtrace (most recent call first):
       [0] equip_item (res://scripts/entities/player.gd:1188)
       [1] _try_auto_equip (res://tests/bot/survival_bot.gd:1978)
       [2] _pickup_item (res://tests/bot/survival_bot.gd:959)
       [3] _decide_and_act (res://tests/bot/survival_bot.gd:569)
       [4] _run_floor_loop (res://tests/bot/survival_bot.gd:431)
ERROR: Error calling from signal 'item_picked_up' to callable: 'Node(audio_manager.gd)::_on_item_picked_up': Cannot convert argument 2 from Object to Object.
   at: emit_signalp (core/object/object.cpp:1406)
   GDScript backtrace (most recent call first):
       [0] pick_up_item (res://scripts/entities/player.gd:1127)
       [1] _pickup_item (res://tests/bot/survival_bot.gd:952)
       [2] _decide_and_act (res://tests/bot/survival_bot.gd:569)
       [3] _run_floor_loop (res://tests/bot/survival_bot.gd:431)
ERROR: Error calling from signal 'item_equipped' to callable: 'Node(audio_manager.gd)::_on_item_equipped': Cannot convert argument 2 from Object to Object.
   at: emit_signalp (core/object/object.cpp:1406)
   GDScript backtrace (most recent call first):
       [0] equip_item (res://scripts/entities/player.gd:1188)
       [1] _try_auto_equip (res://tests/bot/survival_bot.gd:1978)
       [2] _pickup_item (res://tests/bot/survival_bot.gd:959)
       [3] _decide_and_act (res://tests/bot/survival_bot.gd:569)
       [4] _run_floor_loop (res://tests/bot/survival_bot.gd:431)
ERROR: Error calling from signal 'item_picked_up' to callable: 'Node(audio_manager.gd)::_on_item_picked_up': Cannot convert argument 2 from Object to Object.
   at: emit_signalp (core/object/object.cpp:1406)
   GDScript backtrace (most recent call first):
       [0] pick_up_item (res://scripts/entities/player.gd:1127)
       [1] _pickup_item (res://tests/bot/survival_bot.gd:952)
       [2] _decide_and_act (res://tests/bot/survival_bot.gd:569)
       [3] _run_floor_loop (res://tests/bot/survival_bot.gd:431)
ERROR: Error calling from signal 'item_picked_up' to callable: 'Node(audio_manager.gd)::_on_item_picked_up': Cannot convert argument 2 from Object to Object.
   at: emit_signalp (core/object/object.cpp:1406)
   GDScript backtrace (most recent call first):
       [0] pick_up_item (res://scripts/entities/player.gd:1127)
       [1] _pickup_item (res://tests/bot/survival_bot.gd:952)
       [2] _decide_and_act (res://tests/bot/survival_bot.gd:569)
       [3] _run_floor_loop (res://tests/bot/survival_bot.gd:431)
ERROR: Error calling from signal 'item_equipped' to callable: 'Node(audio_manager.gd)::_on_item_equipped': Cannot convert argument 2 from Object to Object.
   at: emit_signalp (core/object/object.cpp:1406)
   GDScript backtrace (most recent call first):
       [0] equip_item (res://scripts/entities/player.gd:1188)
       [1] _try_auto_equip (res://tests/bot/survival_bot.gd:1978)
       [2] _pickup_item (res://tests/bot/survival_bot.gd:959)
       [3] _decide_and_act (res://tests/bot/survival_bot.gd:569)
       [4] _run_floor_loop (res://tests/bot/survival_bot.gd:431)
[SURVIVAL BOT] Turn limit reached on floor 1. Attempting emergency descent.
[SURVIVAL BOT] Descending stairs at depth 1...
Generating outer_pits (depth 2): rooms=9, size=4-10, corridors=1
set_tile: pos=(0, 0) tile=WALL atlas=(22, 0)
set_tile: pos=(1, 0) tile=WALL atlas=(22, 0)
set_tile: pos=(2, 0) tile=WALL atlas=(22, 0)
set_tile: pos=(3, 0) tile=WALL atlas=(22, 0)
set_tile: pos=(4, 0) tile=WALL atlas=(22, 0)
set_tile: pos=(5, 0) tile=WALL atlas=(22, 0)
set_tile: pos=(6, 0) tile=WALL atlas=(22, 0)
set_tile: pos=(7, 0) tile=WALL atlas=(22, 0)
set_tile: pos=(8, 0) tile=WALL atlas=(22, 0)
set_tile: pos=(9, 0) tile=WALL atlas=(22, 0)
Connectivity check failed: 749 reachable of 838 passable
Generation attempt 1 failed connectivity check, retrying...
Connectivity check failed: 572 reachable of 635 passable
Generation attempt 2 failed connectivity check, retrying...
Placed 2 door guards at depth 2
Scattered 35 terrain tiles at depth 2
Applied outer_pits decorations at depth 2
Placed 2 storytelling messages at depth 2
Spawned 17 monsters at depth 2
Spawned 6 items at depth 2
[FLOOR 1] Turns: 200 | Kills: 2 | Items: 5 | Damage: 13 | Healed: 0 | Errors: 0

[SURVIVAL BOT] === FLOOR 2 ===
[SURVIVAL BOT] Stuck for 40 turns. Aborting floor.
[SURVIVAL BOT] Descending stairs at depth 2...
Generating outer_pits (depth 3): rooms=8, size=4-10, corridors=1
set_tile: pos=(0, 0) tile=WALL atlas=(22, 0)
set_tile: pos=(1, 0) tile=WALL atlas=(22, 0)
set_tile: pos=(2, 0) tile=WALL atlas=(22, 0)
set_tile: pos=(3, 0) tile=WALL atlas=(22, 0)
set_tile: pos=(4, 0) tile=WALL atlas=(22, 0)
set_tile: pos=(5, 0) tile=WALL atlas=(22, 0)
set_tile: pos=(6, 0) tile=WALL atlas=(22, 0)
set_tile: pos=(7, 0) tile=WALL atlas=(22, 0)
set_tile: pos=(8, 0) tile=WALL atlas=(22, 0)
set_tile: pos=(9, 0) tile=WALL atlas=(22, 0)
Placed 4 door guards at depth 3
Scattered 19 terrain tiles at depth 3
Applied outer_pits decorations at depth 3
Placed 2 storytelling messages at depth 3
Post-decoration: carved 9-tile rescue corridor at depth 3
Spawned 10 monsters at depth 3
Spawned 5 items at depth 3
[FLOOR 2] Turns: 17 | Kills: 0 | Items: 0 | Damage: 0 | Healed: 4 | Errors: 1
  [ERROR] Stuck abort after 40 turns

[SURVIVAL BOT] === FLOOR 3 ===
[SURVIVAL BOT] Stuck for 40 turns. Aborting floor.
ERROR: Infinite loop detected. Check set_loops() description for more info.
   at: step (scene/animation/tween.cpp:406)
ERROR: Infinite loop detected. Check set_loops() description for more info.
   at: step (scene/animation/tween.cpp:406)
ERROR: Infinite loop detected. Check set_loops() description for more info.
   at: step (scene/animation/tween.cpp:406)
ERROR: Infinite loop detected. Check set_loops() description for more info.
   at: step (scene/animation/tween.cpp:406)
ERROR: Infinite loop detected. Check set_loops() description for more info.
   at: step (scene/animation/tween.cpp:406)
ERROR: Infinite loop detected. Check set_loops() description for more info.
   at: step (scene/animation/tween.cpp:406)
ERROR: Infinite loop detected. Check set_loops() description for more info.
   at: step (scene/animation/tween.cpp:406)
ERROR: Infinite loop detected. Check set_loops() description for more info.
   at: step (scene/animation/tween.cpp:406)
ERROR: Infinite loop detected. Check set_loops() description for more info.
   at: step (scene/animation/tween.cpp:406)
ERROR: Infinite loop detected. Check set_loops() description for more info.
   at: step (scene/animation/tween.cpp:406)
ERROR: Infinite loop detected. Check set_loops() description for more info.
   at: step (scene/animation/tween.cpp:406)
[SURVIVAL BOT] Descending stairs at depth 3...
Generating lower_halls (depth 4): rooms=13, size=4-12, corridors=1
set_tile: pos=(0, 0) tile=WALL atlas=(22, 0)
set_tile: pos=(1, 0) tile=WALL atlas=(22, 0)
set_tile: pos=(2, 0) tile=WALL atlas=(22, 0)
set_tile: pos=(3, 0) tile=WALL atlas=(22, 0)
set_tile: pos=(4, 0) tile=WALL atlas=(22, 0)
set_tile: pos=(5, 0) tile=WALL atlas=(22, 0)
set_tile: pos=(6, 0) tile=WALL atlas=(22, 0)
set_tile: pos=(7, 0) tile=WALL atlas=(22, 0)
set_tile: pos=(8, 0) tile=WALL atlas=(22, 0)
set_tile: pos=(9, 0) tile=WALL atlas=(22, 0)
Placed 2 door guards at depth 4
Scattered 117 terrain tiles at depth 4
Applied lower_halls decorations at depth 4
Placed 3 storytelling messages at depth 4
Post-decoration: carved 22-tile rescue corridor at depth 4
Spawned 31 monsters at depth 4
Spawned 11 items at depth 4
Spawned 1 lore objects at depth 4
[FLOOR 3] Turns: 0 | Kills: 2 | Items: 0 | Damage: 22 | Healed: 0 | Errors: 1
  [ERROR] Stuck abort after 40 turns

[SURVIVAL BOT] === FLOOR 4 ===
[SURVIVAL BOT] Stuck for 40 turns. Aborting floor.
[FLOOR 4] Turns: 172 | Kills: 1 | Items: 0 | Damage: 11 | Healed: 31 | Errors: 1
  [ERROR] Stuck abort after 40 turns
JSON_RESULT:{"archetype":"RANGER_STEALTH_ARCHER","deepest_floor":4,"outcome":"DEATH","per_floor_stats":[{"abilities_used":0,"auto_explore_uses":0,"damage_taken":13,"depth":1,"errors":[],"healing_done":0,"items_equipped":0,"items_found":5,"monsters_killed":2,"ranged_attacks":0,"turns_taken":200},{"abilities_used":0,"auto_explore_uses":0,"damage_taken":0,"depth":2,"errors":["Stuck abort after 40 turns"],"healing_done":4,"items_equipped":0,"items_found":0,"monsters_killed":0,"ranged_attacks":0,"turns_taken":17},{"abilities_used":0,"auto_explore_uses":0,"damage_taken":22,"depth":3,"errors":["Stuck abort after 40 turns"],"healing_done":0,"items_equipped":0,"items_found":0,"monsters_killed":2,"ranged_attacks":0,"turns_taken":0},{"abilities_used":0,"auto_explore_uses":0,"damage_taken":11,"depth":4,"errors":["Stuck abort after 40 turns"],"healing_done":31,"items_equipped":0,"items_found":0,"monsters_killed":1,"ranged_attacks":0,"turns_taken":172}],"run_index":2,"seed":3906072404,"timestamp":"2026-02-08T16:37:54","total_abilities_learned":2,"total_abilities_used":0,"total_combats_avoided":0,"total_consumables_used":0,"total_damage_taken":46,"total_deep_memory":0,"total_detections":0,"total_errors":3,"total_flee_attempts":6,"total_forge_successes":0,"total_forges_used":0,"total_forges_visited":0,"total_healing_done":35,"total_items":5,"total_items_equipped":3,"total_items_sought":13,"total_kills":5,"total_kite_attempts":0,"total_kite_shots":0,"total_lore_of_sleep":0,"total_ranged_attacks":0,"total_rest_turns":142,"total_skills_bought":15,"total_songs_started":0,"total_stealth_kills":0,"total_stealth_toggles":7,"total_turns":524,"total_word_of_command":0}

============================================================
=== SURVIVAL BOT RUN COMPLETE ===
============================================================
Floors cleared: 3/20
Deepest floor reached: 4
Total turns: 524
Total kills: 5
Total items: 5
Total damage taken: 46
Total healing done: 35
Abilities used: 0 | Ranged: 0 | Equipped: 3 | Forged: 0
Stealth toggles: 7 | Skills bought: 15 | Abilities learned: 2 | Songs: 0
Flee attempts: 6 | Consumables: 0 | Items sought: 13 | Kite shots: 0
Combats avoided: 0 | Stealth kills: 0 | Detections: 0 | Rest turns: 142
WoC: 0 | Sleep: 0 | Deep Memory: 0 | Forges visited: 0
Cause of end: DEATH
Errors encountered: 3

--- Per-Floor Breakdown ---
  Floor  1: 200 turns,  2 kills,  5 items,  13 dmg,   0 heal
  Floor  2:  17 turns,  0 kills,  0 items,   0 dmg,   4 heal [1 errors]
  Floor  3:   0 turns,  2 kills,  0 items,  22 dmg,   0 heal [1 errors]
  Floor  4: 172 turns,  1 kills,  0 items,  11 dmg,  31 heal [1 errors]
============================================================

WARNING: 4 RIDs of type "CanvasItem" were leaked.
     at: _free_rids (servers/rendering/renderer_canvas_cull.cpp:2692)
WARNING: ObjectDB instances leaked at exit (run with --verbose for details).
     at: cleanup (core/object/object.cpp:2641)
ERROR: 7 resources still in use at exit (run with --verbose for details).
   at: clear (core/io/resource.cpp:810)
